Archive member included to satisfy reference by file (symbol)

/usr/lib/gcc/arm-none-eabi/13.2.1/thumb/v6-m/nofp/libgcc.a(_dvmd_tls.o)
                              CMakeFiles/force_sensor.dir/usr/local/picosdk/src/rp2_common/pico_divider/divider_hardware.S.o (__aeabi_idiv0)
/usr/lib/gcc/arm-none-eabi/13.2.1/../../../arm-none-eabi/lib/thumb/v6-m/nofp/libg.a(libc_a-calloc.o)
                              CMakeFiles/force_sensor.dir/usr/local/picosdk/src/rp2_common/pico_malloc/malloc.c.o (calloc)
/usr/lib/gcc/arm-none-eabi/13.2.1/../../../arm-none-eabi/lib/thumb/v6-m/nofp/libg.a(libc_a-impure.o)
                              /usr/lib/gcc/arm-none-eabi/13.2.1/../../../arm-none-eabi/lib/thumb/v6-m/nofp/libg.a(libc_a-calloc.o) (_impure_ptr)
/usr/lib/gcc/arm-none-eabi/13.2.1/../../../arm-none-eabi/lib/thumb/v6-m/nofp/libg.a(libc_a-callocr.o)
                              /usr/lib/gcc/arm-none-eabi/13.2.1/../../../arm-none-eabi/lib/thumb/v6-m/nofp/libg.a(libc_a-calloc.o) (_calloc_r)
/usr/lib/gcc/arm-none-eabi/13.2.1/../../../arm-none-eabi/lib/thumb/v6-m/nofp/libg.a(libc_a-realloc.o)
                              CMakeFiles/force_sensor.dir/usr/local/picosdk/src/rp2_common/pico_malloc/malloc.c.o (realloc)
/usr/lib/gcc/arm-none-eabi/13.2.1/../../../arm-none-eabi/lib/thumb/v6-m/nofp/libg.a(libc_a-mallocr.o)
                              /usr/lib/gcc/arm-none-eabi/13.2.1/../../../arm-none-eabi/lib/thumb/v6-m/nofp/libg.a(libc_a-callocr.o) (_malloc_r)
/usr/lib/gcc/arm-none-eabi/13.2.1/../../../arm-none-eabi/lib/thumb/v6-m/nofp/libg.a(libc_a-freer.o)
                              /usr/lib/gcc/arm-none-eabi/13.2.1/../../../arm-none-eabi/lib/thumb/v6-m/nofp/libg.a(libc_a-mallocr.o) (_free_r)
/usr/lib/gcc/arm-none-eabi/13.2.1/../../../arm-none-eabi/lib/thumb/v6-m/nofp/libg.a(libc_a-memcmp.o)
                              CMakeFiles/force_sensor.dir/usr/local/picosdk/src/rp2_common/pico_atomic/atomic.c.o (memcmp)
/usr/lib/gcc/arm-none-eabi/13.2.1/../../../arm-none-eabi/lib/thumb/v6-m/nofp/libg.a(libc_a-malloc.o)
                              CMakeFiles/force_sensor.dir/usr/local/picosdk/src/rp2_common/pico_malloc/malloc.c.o (malloc)
/usr/lib/gcc/arm-none-eabi/13.2.1/../../../arm-none-eabi/lib/thumb/v6-m/nofp/libg.a(libc_a-sysconf.o)
                              /usr/lib/gcc/arm-none-eabi/13.2.1/../../../arm-none-eabi/lib/thumb/v6-m/nofp/libg.a(libc_a-mallocr.o) (sysconf)
/usr/lib/gcc/arm-none-eabi/13.2.1/../../../arm-none-eabi/lib/thumb/v6-m/nofp/libg.a(libc_a-init.o)
                              /usr/lib/gcc/arm-none-eabi/13.2.1/../../../arm-none-eabi/lib/thumb/v6-m/nofp/crt0.o (__libc_init_array)
/usr/lib/gcc/arm-none-eabi/13.2.1/../../../arm-none-eabi/lib/thumb/v6-m/nofp/libg.a(libc_a-reallocr.o)
                              /usr/lib/gcc/arm-none-eabi/13.2.1/../../../arm-none-eabi/lib/thumb/v6-m/nofp/libg.a(libc_a-realloc.o) (_realloc_r)
/usr/lib/gcc/arm-none-eabi/13.2.1/../../../arm-none-eabi/lib/thumb/v6-m/nofp/libg.a(libc_a-mktime.o)
                              CMakeFiles/force_sensor.dir/usr/local/picosdk/src/common/pico_util/datetime.c.o (mktime)
/usr/lib/gcc/arm-none-eabi/13.2.1/../../../arm-none-eabi/lib/thumb/v6-m/nofp/libg.a(libc_a-mlock.o)
                              /usr/lib/gcc/arm-none-eabi/13.2.1/../../../arm-none-eabi/lib/thumb/v6-m/nofp/libg.a(libc_a-mallocr.o) (__malloc_lock)
/usr/lib/gcc/arm-none-eabi/13.2.1/../../../arm-none-eabi/lib/thumb/v6-m/nofp/libg.a(libc_a-findfp.o)
                              /usr/lib/gcc/arm-none-eabi/13.2.1/../../../arm-none-eabi/lib/thumb/v6-m/nofp/libg.a(libc_a-impure.o) (__sf)
/usr/lib/gcc/arm-none-eabi/13.2.1/../../../arm-none-eabi/lib/thumb/v6-m/nofp/libg.a(libc_a-tzlock.o)
                              /usr/lib/gcc/arm-none-eabi/13.2.1/../../../arm-none-eabi/lib/thumb/v6-m/nofp/libg.a(libc_a-mktime.o) (__tz_lock)
/usr/lib/gcc/arm-none-eabi/13.2.1/../../../arm-none-eabi/lib/thumb/v6-m/nofp/libg.a(libc_a-atexit.o)
                              /usr/lib/gcc/arm-none-eabi/13.2.1/../../../arm-none-eabi/lib/thumb/v6-m/nofp/crt0.o (atexit)
/usr/lib/gcc/arm-none-eabi/13.2.1/../../../arm-none-eabi/lib/thumb/v6-m/nofp/libg.a(libc_a-lcltime_r.o)
                              CMakeFiles/force_sensor.dir/usr/local/picosdk/src/common/pico_util/datetime.c.o (localtime_r)
/usr/lib/gcc/arm-none-eabi/13.2.1/../../../arm-none-eabi/lib/thumb/v6-m/nofp/libg.a(libc_a-strlen-stub.o)
                              CMakeFiles/force_sensor.dir/usr/local/picosdk/src/rp2_common/pico_stdio/stdio.c.o (strlen)
/usr/lib/gcc/arm-none-eabi/13.2.1/../../../arm-none-eabi/lib/thumb/v6-m/nofp/libg.a(libc_a-sbrkr.o)
                              /usr/lib/gcc/arm-none-eabi/13.2.1/../../../arm-none-eabi/lib/thumb/v6-m/nofp/libg.a(libc_a-mallocr.o) (_sbrk_r)
/usr/lib/gcc/arm-none-eabi/13.2.1/../../../arm-none-eabi/lib/thumb/v6-m/nofp/libg.a(libc_a-fini.o)
                              /usr/lib/gcc/arm-none-eabi/13.2.1/../../../arm-none-eabi/lib/thumb/v6-m/nofp/crt0.o (__libc_fini_array)
[...]
Memory Configuration

Name             Origin             Length             Attributes
FLASH            0x10000000         0x00200000         xr
RAM              0x20000000         0x00040000         xrw
SCRATCH_X        0x20040000         0x00001000         xrw
SCRATCH_Y        0x20041000         0x00001000         xrw
*default*        0x00000000         0xffffffff

Linker script and memory map

LOAD /usr/lib/gcc/arm-none-eabi/13.2.1/thumb/v6-m/nofp/crti.o
LOAD /usr/lib/gcc/arm-none-eabi/13.2.1/thumb/v6-m/nofp/crtbegin.o
LOAD /usr/lib/gcc/arm-none-eabi/13.2.1/../../../arm-none-eabi/lib/thumb/v6-m/nofp/crt0.o

.flash_begin    0x10000000        0x0
                0x10000000                        __flash_binary_start = .

.boot2          0x10000000      0x100
                0x10000000                        __boot2_start__ = .
 *(.boot2)
 .boot2         0x10000000      0x100 pico-sdk/src/rp2040/boot_stage2/CMakeFiles/bs2_default_library.dir/bs2_default_padded_checksummed.S.o
                0x10000100                        __boot2_end__ = .
                0x00000001                        ASSERT (((__boot2_end__ - __boot2_start__) == 0x100), ERROR: Pico second stage bootloader must be 256 bytes in size)

.text           0x10000100     0x7118
                0x10000100                        __logical_binary_start = .
 *(.vectors)
 .vectors       0x10000100       0xd4 CMakeFiles/force_sensor.dir/usr/local/picosdk/src/rp2_common/pico_crt0/crt0.S.o
                0x10000100                __vectors
                0x10000100                __VECTOR_TABLE
                0x100001c0                isr_invalid
                0x100001c0                __default_isrs_start
                0x100001c2                isr_nmi
                0x100001c4                isr_hardfault
                0x100001c6                isr_svcall
                0x100001c8                isr_pendsv
                0x100001ca                isr_systick
                0x100001cc                isr_irq30
                0x100001cc                __unhandled_user_irq
                0x100001cc                isr_irq13
                0x100001cc                isr_irq27
                0x100001cc                isr_irq31
                0x100001cc                isr_irq5
                0x100001cc                isr_irq11
                0x100001cc                isr_irq23
                0x100001cc                isr_irq18
                0x100001cc                isr_irq28
                0x100001cc                isr_irq19
                0x100001cc                isr_irq0
                0x100001cc                isr_irq6
                0x100001cc                isr_irq22
                0x100001cc                isr_irq17
                0x100001cc                isr_irq14
                0x100001cc                isr_irq2
                0x100001cc                isr_irq10
                0x100001cc                isr_irq8
                0x100001cc                isr_irq24
                0x100001cc                isr_irq1
                0x100001cc                isr_irq7
                0x100001cc                isr_irq21
                0x100001cc                isr_irq20
                0x100001cc                isr_irq15
                0x100001cc                isr_irq25
                0x100001cc                isr_irq4
                0x100001cc                isr_irq16
                0x100001cc                isr_irq29
                0x100001cc                isr_irq26
                0x100001cc                __default_isrs_end
                0x100001cc                isr_irq3
                0x100001cc                isr_irq12
                0x100001cc                isr_irq9
                0x100001d2                unhandled_user_irq_num_in_r0
 *(.binary_info_header)
 .binary_info_header
                0x100001d4       0x14 CMakeFiles/force_sensor.dir/usr/local/picosdk/src/rp2_common/pico_crt0/crt0.S.o
                0x100001e8                        __binary_info_header_end = .
 *(.embedded_block)
                0x100001e8                        __embedded_block_end = .
 *(.reset)
 .reset         0x100001e8       0x9c CMakeFiles/force_sensor.dir/usr/local/picosdk/src/rp2_common/pico_crt0/crt0.S.o
                0x100001e8                _entry_point
 *(.init)
 .init          0x10000284        0x4 /usr/lib/gcc/arm-none-eabi/13.2.1/thumb/v6-m/nofp/crti.o
                0x10000284                _init
 *(EXCLUDE_FILE(*libm.a: *libc.a:*lib_a-mem*.o *libgcc.a:) .text*)
 .text          0x10000288       0x98 /usr/lib/gcc/arm-none-eabi/13.2.1/thumb/v6-m/nofp/crtbegin.o
 .text.mlx_read_measurement
                0x10000320       0xcc CMakeFiles/force_sensor.dir/force_sensor.c.o
                0x10000320                mlx_read_measurement
 .text.mlx_init
                0x100003ec       0xa4 CMakeFiles/force_sensor.dir/force_sensor.c.o
                0x100003ec                mlx_init
 .text.startup.main
                0x10000490      0x20c CMakeFiles/force_sensor.dir/force_sensor.c.o
                0x10000490                main
 .text.gpio_set_function
                0x1000069c       0x34 CMakeFiles/force_sensor.dir/usr/local/picosdk/src/rp2_common/hardware_gpio/gpio.c.o
                0x1000069c                gpio_set_function
 .text.gpio_set_pulls
                0x100006d0       0x28 CMakeFiles/force_sensor.dir/usr/local/picosdk/src/rp2_common/hardware_gpio/gpio.c.o
                0x100006d0                gpio_set_pulls
 .text.gpio_init
                0x100006f8       0x40 CMakeFiles/force_sensor.dir/usr/local/picosdk/src/rp2_common/hardware_gpio/gpio.c.o
                0x100006f8                gpio_init
 .text.rp2040_chip_version
                0x10000738        0xc CMakeFiles/force_sensor.dir/usr/local/picosdk/src/rp2040/pico_platform/platform.c.o
                0x10000738                rp2040_chip_version
 .text.panic    0x10000744       0x30 CMakeFiles/force_sensor.dir/usr/local/picosdk/src/rp2_common/pico_platform_panic/panic.c.o
                0x10000744                panic
 .text.hw_claim_or_assert
                0x10000774       0x44 CMakeFiles/force_sensor.dir/usr/local/picosdk/src/common/hardware_claim/claim.c.o
                0x10000774                hw_claim_or_assert
 .text.hw_claim_unused_from_range
                0x100007b8       0x9c CMakeFiles/force_sensor.dir/usr/local/picosdk/src/common/hardware_claim/claim.c.o
                0x100007b8                hw_claim_unused_from_range
 .text.next_striped_spin_lock_num
                0x10000854       0x18 CMakeFiles/force_sensor.dir/usr/local/picosdk/src/rp2_common/hardware_sync/sync.c.o
                0x10000854                next_striped_spin_lock_num
 .text.spin_lock_claim_unused
                0x1000086c       0x24 CMakeFiles/force_sensor.dir/usr/local/picosdk/src/rp2_common/hardware_sync/sync.c.o
                0x1000086c                spin_lock_claim_unused
 .text.spin_locks_reset
                0x10000890       0x1c CMakeFiles/force_sensor.dir/usr/local/picosdk/src/rp2_common/hardware_sync_spin_lock/sync_spin_lock.c.o
                0x10000890                spin_locks_reset
 .text.runtime_init_per_core_irq_priorities
                0x100008ac       0x24 CMakeFiles/force_sensor.dir/usr/local/picosdk/src/rp2_common/hardware_irq/irq.c.o
                0x100008ac                runtime_init_per_core_irq_priorities
 .text.irq_set_enabled
                0x100008d0       0x24 CMakeFiles/force_sensor.dir/usr/local/picosdk/src/rp2_common/hardware_irq/irq.c.o
                0x100008d0                irq_set_enabled
 .text.irq_is_enabled
                0x100008f4       0x18 CMakeFiles/force_sensor.dir/usr/local/picosdk/src/rp2_common/hardware_irq/irq.c.o
                0x100008f4                irq_is_enabled
 .text.irq_set_pending
                0x1000090c       0x10 CMakeFiles/force_sensor.dir/usr/local/picosdk/src/rp2_common/hardware_irq/irq.c.o
                0x1000090c                irq_set_pending
 .text.irq_has_shared_handler
                0x1000091c       0x24 CMakeFiles/force_sensor.dir/usr/local/picosdk/src/rp2_common/hardware_irq/irq.c.o
                0x1000091c                irq_has_shared_handler
 .text.irq_set_exclusive_handler
                0x10000940       0x54 CMakeFiles/force_sensor.dir/usr/local/picosdk/src/rp2_common/hardware_irq/irq.c.o
                0x10000940                irq_set_exclusive_handler
 .text.irq_add_shared_handler
                0x10000994      0x1f4 CMakeFiles/force_sensor.dir/usr/local/picosdk/src/rp2_common/hardware_irq/irq.c.o
                0x10000994                irq_add_shared_handler
 .text.irq_add_tail_to_free_list
                0x10000b88       0xb4 CMakeFiles/force_sensor.dir/usr/local/picosdk/src/rp2_common/hardware_irq/irq.c.o
                0x10000b88                irq_add_tail_to_free_list
 .text.user_irq_claim_unused
                0x10000c3c       0x2c CMakeFiles/force_sensor.dir/usr/local/picosdk/src/rp2_common/hardware_irq/irq.c.o
                0x10000c3c                user_irq_claim_unused
 .text.lock_init
                0x10000c68       0x10 CMakeFiles/force_sensor.dir/usr/local/picosdk/src/common/pico_sync/lock_core.c.o
                0x10000c68                lock_init
 .text.runtime_init_mutex
                0x10000c78       0x50 CMakeFiles/force_sensor.dir/usr/local/picosdk/src/common/pico_sync/mutex.c.o
                0x10000c78                runtime_init_mutex
 .text.mutex_init
                0x10000cc8       0x1c CMakeFiles/force_sensor.dir/usr/local/picosdk/src/common/pico_sync/mutex.c.o
                0x10000cc8                mutex_init
 .text.critical_section_init
                0x10000ce4       0x1c CMakeFiles/force_sensor.dir/usr/local/picosdk/src/common/pico_sync/critical_section.c.o
                0x10000ce4                critical_section_init
 .text.critical_section_init_with_lock_num
                0x10000d00       0x14 CMakeFiles/force_sensor.dir/usr/local/picosdk/src/common/pico_sync/critical_section.c.o
                0x10000d00                critical_section_init_with_lock_num
 .text.sleep_until_callback
                0x10000d14       0x30 CMakeFiles/force_sensor.dir/usr/local/picosdk/src/common/pico_time/time.c.o
 .text.alarm_pool_irq_handler
                0x10000d44      0x2fc CMakeFiles/force_sensor.dir/usr/local/picosdk/src/common/pico_time/time.c.o
 .text.runtime_init_default_alarm_pool
                0x10001040       0xdc CMakeFiles/force_sensor.dir/usr/local/picosdk/src/common/pico_time/time.c.o
                0x10001040                runtime_init_default_alarm_pool
 .text.alarm_pool_get_default
                0x1000111c        0x8 CMakeFiles/force_sensor.dir/usr/local/picosdk/src/common/pico_time/time.c.o
                0x1000111c                alarm_pool_get_default
 .text.alarm_pool_add_alarm_at
                0x10001124       0xd4 CMakeFiles/force_sensor.dir/usr/local/picosdk/src/common/pico_time/time.c.o
                0x10001124                alarm_pool_add_alarm_at
 .text.alarm_pool_add_alarm_at_force_in_context
                0x100011f8       0xb0 CMakeFiles/force_sensor.dir/usr/local/picosdk/src/common/pico_time/time.c.o
                0x100011f8                alarm_pool_add_alarm_at_force_in_context
 .text.alarm_pool_cancel_alarm
                0x100012a8       0x74 CMakeFiles/force_sensor.dir/usr/local/picosdk/src/common/pico_time/time.c.o
                0x100012a8                alarm_pool_cancel_alarm
 .text.alarm_pool_core_num
                0x1000131c        0x4 CMakeFiles/force_sensor.dir/usr/local/picosdk/src/common/pico_time/time.c.o
                0x1000131c                alarm_pool_core_num
 .text.sleep_until
                0x10001320       0xd8 CMakeFiles/force_sensor.dir/usr/local/picosdk/src/common/pico_time/time.c.o
                0x10001320                sleep_until
 .text.sleep_ms
                0x100013f8       0x38 CMakeFiles/force_sensor.dir/usr/local/picosdk/src/common/pico_time/time.c.o
                0x100013f8                sleep_ms
 .text.best_effort_wfe_or_timeout
                0x10001430       0xf8 CMakeFiles/force_sensor.dir/usr/local/picosdk/src/common/pico_time/time.c.o
                0x10001430                best_effort_wfe_or_timeout
 .text.timer_hardware_alarm_claim
                0x10001528       0x14 CMakeFiles/force_sensor.dir/usr/local/picosdk/src/rp2_common/hardware_timer/timer.c.o
                0x10001528                timer_hardware_alarm_claim
 .text.timer_time_us_64
                0x1000153c       0x10 CMakeFiles/force_sensor.dir/usr/local/picosdk/src/rp2_common/hardware_timer/timer.c.o
                0x1000153c                timer_time_us_64
 .text.time_us_64
                0x1000154c       0x14 CMakeFiles/force_sensor.dir/usr/local/picosdk/src/rp2_common/hardware_timer/timer.c.o
                0x1000154c                time_us_64
 .text.busy_wait_until
                0x10001560       0x20 CMakeFiles/force_sensor.dir/usr/local/picosdk/src/rp2_common/hardware_timer/timer.c.o
                0x10001560                busy_wait_until
 .text.clock_configure_int_divider
                0x10001580       0xf4 CMakeFiles/force_sensor.dir/usr/local/picosdk/src/rp2_common/hardware_clocks/clocks.c.o
                0x10001580                clock_configure_int_divider
 .text.clock_configure_undivided
                0x10001674       0xe8 CMakeFiles/force_sensor.dir/usr/local/picosdk/src/rp2_common/hardware_clocks/clocks.c.o
                0x10001674                clock_configure_undivided
 .text.clock_get_hz
                0x1000175c        0xc CMakeFiles/force_sensor.dir/usr/local/picosdk/src/rp2_common/hardware_clocks/clocks.c.o
                0x1000175c                clock_get_hz
 .text.pll_init
                0x10001768       0xa4 CMakeFiles/force_sensor.dir/usr/local/picosdk/src/rp2_common/hardware_pll/pll.c.o
                0x10001768                pll_init
 .text.watchdog_reboot
                0x1000180c       0x9c CMakeFiles/force_sensor.dir/usr/local/picosdk/src/rp2_common/hardware_watchdog/watchdog.c.o
                0x1000180c                watchdog_reboot
 .text.tick_start
                0x100018a8       0x10 CMakeFiles/force_sensor.dir/usr/local/picosdk/src/rp2_common/hardware_ticks/ticks.c.o
                0x100018a8                tick_start
 .text.rom_func_lookup
                0x100018b8       0x10 CMakeFiles/force_sensor.dir/usr/local/picosdk/src/rp2_common/pico_bootrom/bootrom.c.o
                0x100018b8                rom_func_lookup
 .text.rom_data_lookup
                0x100018c8       0x10 CMakeFiles/force_sensor.dir/usr/local/picosdk/src/rp2_common/pico_bootrom/bootrom.c.o
                0x100018c8                rom_data_lookup
 .text.rom_funcs_lookup
                0x100018d8       0x44 CMakeFiles/force_sensor.dir/usr/local/picosdk/src/rp2_common/pico_bootrom/bootrom.c.o
                0x100018d8                rom_funcs_lookup
 .text.rom_reset_usb_boot_extra
                0x1000191c       0x28 CMakeFiles/force_sensor.dir/usr/local/picosdk/src/rp2_common/pico_bootrom/bootrom.c.o
                0x1000191c                rom_reset_usb_boot_extra
 .text.xosc_init
                0x10001944       0x28 CMakeFiles/force_sensor.dir/usr/local/picosdk/src/rp2_common/hardware_xosc/xosc.c.o
                0x10001944                xosc_init
 .text.first_per_core_initializer
                0x1000196c        0x4 CMakeFiles/force_sensor.dir/usr/local/picosdk/src/rp2_common/pico_runtime/runtime.c.o
 .text.hard_assertion_failure
                0x10001970        0xc CMakeFiles/force_sensor.dir/usr/local/picosdk/src/rp2_common/pico_runtime/runtime.c.o
                0x10001970                hard_assertion_failure
 .text.runtime_run_initializers
                0x1000197c       0x28 CMakeFiles/force_sensor.dir/usr/local/picosdk/src/rp2_common/pico_runtime/runtime.c.o
                0x1000197c                runtime_run_initializers
 .text.runtime_init_early_resets
                0x100019a4       0x2c CMakeFiles/force_sensor.dir/usr/local/picosdk/src/rp2_common/pico_runtime_init/runtime_init.c.o
                0x100019a4                runtime_init_early_resets
 .text.runtime_init_usb_power_down
                0x100019d0       0x1c CMakeFiles/force_sensor.dir/usr/local/picosdk/src/rp2_common/pico_runtime_init/runtime_init.c.o
                0x100019d0                runtime_init_usb_power_down
 .text.runtime_init_post_clock_resets
                0x100019ec       0x20 CMakeFiles/force_sensor.dir/usr/local/picosdk/src/rp2_common/pico_runtime_init/runtime_init.c.o
                0x100019ec                runtime_init_post_clock_resets
 .text.runtime_init_rp2040_gpio_ie_disable
                0x10001a0c       0x14 CMakeFiles/force_sensor.dir/usr/local/picosdk/src/rp2_common/pico_runtime_init/runtime_init.c.o
                0x10001a0c                runtime_init_rp2040_gpio_ie_disable
 .text.runtime_init_spin_locks_reset
                0x10001a20        0x8 CMakeFiles/force_sensor.dir/usr/local/picosdk/src/rp2_common/pico_runtime_init/runtime_init.c.o
                0x10001a20                runtime_init_spin_locks_reset
 .text.runtime_init_install_ram_vector_table
                0x10001a28       0x1c CMakeFiles/force_sensor.dir/usr/local/picosdk/src/rp2_common/pico_runtime_init/runtime_init.c.o
                0x10001a28                runtime_init_install_ram_vector_table
 .text.runtime_init_clocks
                0x10001a44       0xd8 CMakeFiles/force_sensor.dir/usr/local/picosdk/src/rp2_common/pico_runtime_init/runtime_init_clocks.c.o
                0x10001a44                runtime_init_clocks
 .text          0x10001b1c       0x10 CMakeFiles/force_sensor.dir/usr/local/picosdk/src/rp2_common/pico_bit_ops/bit_ops_aeabi.S.o
 .text.__wrap___aeabi_idiv
                0x10001b2c       0x50 CMakeFiles/force_sensor.dir/usr/local/picosdk/src/rp2_common/pico_divider/divider_hardware.S.o
                0x10001b2c                __wrap___aeabi_idivmod
                0x10001b2c                divmod_s32s32
                0x10001b2c                div_s32s32
                0x10001b2c                __wrap___aeabi_idiv
                0x10001b34                divmod_s32s32_unsafe
                0x10001b60                divmod_s32s32_savestate
 .text.__wrap___aeabi_uidiv
                0x10001b7c       0x4c CMakeFiles/force_sensor.dir/usr/local/picosdk/src/rp2_common/pico_divider/divider_hardware.S.o
                0x10001b7c                __wrap___aeabi_uidiv
                0x10001b7c                __wrap___aeabi_uidivmod
                0x10001b7c                div_u32u32
                0x10001b7c                divmod_u32u32
                0x10001b84                divmod_u32u32_unsafe
                0x10001bac                divmod_u32u32_savestate
 .text.__wrap___aeabi_ldiv
                0x10001bc8      0x424 CMakeFiles/force_sensor.dir/usr/local/picosdk/src/rp2_common/pico_divider/divider_hardware.S.o
                0x10001bc8                div_s64s64
                0x10001bc8                divmod_s64s64
                0x10001bc8                __wrap___aeabi_ldivmod
                0x10001bf8                div_u64u64
                0x10001bf8                divmod_u64u64
                0x10001bf8                __wrap___aeabi_uldivmod
                0x10001c08                divmod_u64u64_savestate
                0x10001c28                divmod_s64s64_unsafe
                0x10001cb0                divmod_u64u64_unsafe
 .text.__wrap___aeabi_darithmetic
                0x10001fec       0x80 CMakeFiles/force_sensor.dir/usr/local/picosdk/src/rp2_common/pico_double/double_aeabi_rp2040.S.o
                0x10001fec                __wrap___aeabi_drsub
                0x10001ff2                __wrap___aeabi_dsub
                0x10002004                __wrap___aeabi_dadd
                0x10002016                __wrap___aeabi_ddiv
                0x10002052                __wrap___aeabi_dmul
 .text.__wrap___aeabi_cdcmple
                0x1000206c       0x6c CMakeFiles/force_sensor.dir/usr/local/picosdk/src/rp2_common/pico_double/double_aeabi_rp2040.S.o
                0x1000206c                __wrap___aeabi_cdrcmple
                0x1000207c                __wrap___aeabi_cdcmple
                0x1000207c                __wrap___aeabi_cdcmpeq
 .text.__wrap___aeabi_dcmplt
                0x100020d8        0xc CMakeFiles/force_sensor.dir/usr/local/picosdk/src/rp2_common/pico_double/double_aeabi_rp2040.S.o
                0x100020d8                __wrap___aeabi_dcmplt
 .text.__wrap___aeabi_dcmpge
                0x100020e4       0x10 CMakeFiles/force_sensor.dir/usr/local/picosdk/src/rp2_common/pico_double/double_aeabi_rp2040.S.o
                0x100020e4                __wrap___aeabi_dcmpge
 .text.__wrap___aeabi_dcmpgt
                0x100020f4        0xa CMakeFiles/force_sensor.dir/usr/local/picosdk/src/rp2_common/pico_double/double_aeabi_rp2040.S.o
                0x100020f4                __wrap___aeabi_dcmpgt
 .text.__wrap___aeabi_dcmpun
                0x100020fe       0x18 CMakeFiles/force_sensor.dir/usr/local/picosdk/src/rp2_common/pico_double/double_aeabi_rp2040.S.o
                0x100020fe                __wrap___aeabi_dcmpun
 *fill*         0x10002116        0x2 
 .text.__wrap___aeabi_i2d
                0x10002118       0x38 CMakeFiles/force_sensor.dir/usr/local/picosdk/src/rp2_common/pico_double/double_aeabi_rp2040.S.o
                0x10002118                __wrap___aeabi_ui2d
                0x10002118                uint2double
                0x10002120                __wrap___aeabi_i2d
                0x10002120                int2double
 .text.__wrap___aeabi_d2iz
                0x10002150       0x48 CMakeFiles/force_sensor.dir/usr/local/picosdk/src/rp2_common/pico_double/double_aeabi_rp2040.S.o
                0x10002150                __wrap___aeabi_d2iz
                0x10002150                double2int_z
 .text.__wrap___aeabi_d2uiz
                0x10002198       0x18 CMakeFiles/force_sensor.dir/usr/local/picosdk/src/rp2_common/pico_double/double_aeabi_rp2040.S.o
                0x10002198                double2uint_z
                0x10002198                double2uint
                0x10002198                __wrap___aeabi_d2uiz
 .text.__aeabi_double_init
                0x100021b0       0xa4 CMakeFiles/force_sensor.dir/usr/local/picosdk/src/rp2_common/pico_double/double_init_rom_rp2040.c.o
                0x100021b0                __aeabi_double_init
 .text.double_table_shim_on_use_helper
                0x10002254       0x2c CMakeFiles/force_sensor.dir/usr/local/picosdk/src/rp2_common/pico_double/double_v1_rom_shim_rp2040.S.o
                0x10002254                double_table_shim_on_use_helper
 .text.__wrap___aeabi_dsub
                0x10002280       0x10 CMakeFiles/force_sensor.dir/usr/local/picosdk/src/rp2_common/pico_double/double_v1_rom_shim_rp2040.S.o
                0x10002280                drsub_shim
                0x10002286                dsub_shim
 .text.dadd_shim
                0x10002290      0x15c CMakeFiles/force_sensor.dir/usr/local/picosdk/src/rp2_common/pico_double/double_v1_rom_shim_rp2040.S.o
                0x10002290                dadd_shim
 .text.dmul_shim
                0x100023ec      0x15c CMakeFiles/force_sensor.dir/usr/local/picosdk/src/rp2_common/pico_double/double_v1_rom_shim_rp2040.S.o
                0x100023ec                dmul_shim
 .text.ddiv_shim
                0x10002548      0x1b0 CMakeFiles/force_sensor.dir/usr/local/picosdk/src/rp2_common/pico_double/double_v1_rom_shim_rp2040.S.o
                0x10002548                ddiv_shim
 .text.double2uint_shim
                0x100026f8        0xe CMakeFiles/force_sensor.dir/usr/local/picosdk/src/rp2_common/pico_double/double_v1_rom_shim_rp2040.S.o
                0x100026f8                double2uint_shim
                0x100026fa                double2ufix_shim
 *fill*         0x10002706        0x2 
 .text.double2uint64_shim
                0x10002708       0x70 CMakeFiles/force_sensor.dir/usr/local/picosdk/src/rp2_common/pico_double/double_v1_rom_shim_rp2040.S.o
                0x10002708                double2uint64_shim
                0x1000270a                double2ufix64_shim
                0x1000272a                d2fix_a
 .text.dunpacks
                0x10002778       0x3c CMakeFiles/force_sensor.dir/usr/local/picosdk/src/rp2_common/pico_double/double_v1_rom_shim_rp2040.S.o
                0x10002778                dunpacks
 .text.__aeabi_lmul
                0x100027b4       0x32 CMakeFiles/force_sensor.dir/usr/local/picosdk/src/rp2_common/pico_int64_ops/pico_int64_ops_aeabi.S.o
                0x100027b4                __wrap___aeabi_lmul
 *fill*         0x100027e6        0x2 
 .text.__wrap___aeabi_farithmetic
                0x100027e8       0x48 CMakeFiles/force_sensor.dir/usr/local/picosdk/src/rp2_common/pico_float/float_aeabi_rp2040.S.o
                0x100027e8                __wrap___aeabi_frsub
                0x100027ee                __wrap___aeabi_fsub
                0x100027f4                __wrap___aeabi_fadd
                0x100027fa                __wrap___aeabi_fdiv
                0x10002822                __wrap___aeabi_fmul
 .text.__wrap___aeabi_cfcmple
                0x10002830       0x50 CMakeFiles/force_sensor.dir/usr/local/picosdk/src/rp2_common/pico_float/float_aeabi_rp2040.S.o
                0x10002830                __wrap___aeabi_cfrcmple
                0x1000283c                __wrap___aeabi_cfcmpeq
                0x1000283c                __wrap___aeabi_cfcmple
 .text.__wrap___aeabi_fcmplt
                0x10002880        0xc CMakeFiles/force_sensor.dir/usr/local/picosdk/src/rp2_common/pico_float/float_aeabi_rp2040.S.o
                0x10002880                __wrap___aeabi_fcmplt
 .text.__wrap___aeabi_i2f
                0x1000288c       0x44 CMakeFiles/force_sensor.dir/usr/local/picosdk/src/rp2_common/pico_float/float_aeabi_rp2040.S.o
                0x1000288c                int2float
                0x1000288c                __wrap___aeabi_i2f
 .text.__wrap___aeabi_f2d
                0x100028d0       0x14 CMakeFiles/force_sensor.dir/usr/local/picosdk/src/rp2_common/pico_float/float_aeabi_rp2040.S.o
                0x100028d0                __wrap___aeabi_f2d
 .text.__aeabi_float_init
                0x100028e4       0x64 CMakeFiles/force_sensor.dir/usr/local/picosdk/src/rp2_common/pico_float/float_init_rom_rp2040.c.o
                0x100028e4                __aeabi_float_init
 .text.float_table_shim_on_use_helper
                0x10002948       0x2c CMakeFiles/force_sensor.dir/usr/local/picosdk/src/rp2_common/pico_float/float_v1_rom_shim_rp2040.S.o
                0x10002948                float_table_shim_on_use_helper
 .text.float2double_shim
                0x10002974       0x30 CMakeFiles/force_sensor.dir/usr/local/picosdk/src/rp2_common/pico_float/float_v1_rom_shim_rp2040.S.o
                0x10002974                float2double_shim
 .text          0x100029a4       0x10 CMakeFiles/force_sensor.dir/usr/local/picosdk/src/rp2_common/pico_mem_ops/mem_ops_aeabi.S.o
                0x100029a4                __aeabi_mem_init
 .text.memset   0x100029b4        0xc CMakeFiles/force_sensor.dir/usr/local/picosdk/src/rp2_common/pico_mem_ops/mem_ops_aeabi.S.o
                0x100029b4                __wrap_memset
 .text.memcpy   0x100029c0        0xc CMakeFiles/force_sensor.dir/usr/local/picosdk/src/rp2_common/pico_mem_ops/mem_ops_aeabi.S.o
                0x100029c0                __wrap___aeabi_memcpy
                0x100029c0                __wrap_memcpy
 .text._out_null
                0x100029cc        0x4 CMakeFiles/force_sensor.dir/usr/local/picosdk/src/rp2_common/pico_printf/printf.c.o
 .text._out_rev
                0x100029d0       0xac CMakeFiles/force_sensor.dir/usr/local/picosdk/src/rp2_common/pico_printf/printf.c.o
 .text._ntoa_format
                0x10002a7c      0x250 CMakeFiles/force_sensor.dir/usr/local/picosdk/src/rp2_common/pico_printf/printf.c.o
 .text._out_char
                0x10002ccc       0x10 CMakeFiles/force_sensor.dir/usr/local/picosdk/src/rp2_common/pico_printf/printf.c.o
 .text._out_fct
                0x10002cdc       0x10 CMakeFiles/force_sensor.dir/usr/local/picosdk/src/rp2_common/pico_printf/printf.c.o
 .text._etoa    0x10002cec      0x464 CMakeFiles/force_sensor.dir/usr/local/picosdk/src/rp2_common/pico_printf/printf.c.o
 .text._ftoa    0x10003150      0x3c0 CMakeFiles/force_sensor.dir/usr/local/picosdk/src/rp2_common/pico_printf/printf.c.o
 .text._vsnprintf
                0x10003510      0xbc8 CMakeFiles/force_sensor.dir/usr/local/picosdk/src/rp2_common/pico_printf/printf.c.o
 .text.vfctprintf
                0x100040d8       0x20 CMakeFiles/force_sensor.dir/usr/local/picosdk/src/rp2_common/pico_printf/printf.c.o
                0x100040d8                vfctprintf
 .text.weak_raw_vprintf
                0x100040f8       0x30 CMakeFiles/force_sensor.dir/usr/local/picosdk/src/rp2_common/pico_printf/printf.c.o
                0x100040f8                weak_raw_vprintf
 .text._exit    0x10004128        0x4 CMakeFiles/force_sensor.dir/usr/local/picosdk/src/rp2_common/pico_clib_interface/newlib_interface.c.o
                0x10004128                _exit
 .text.exit     0x1000412c        0x8 CMakeFiles/force_sensor.dir/usr/local/picosdk/src/rp2_common/pico_clib_interface/newlib_interface.c.o
                0x1000412c                exit
 .text.runtime_init
                0x10004134       0x2c CMakeFiles/force_sensor.dir/usr/local/picosdk/src/rp2_common/pico_clib_interface/newlib_interface.c.o
                0x10004134                runtime_init
 .text.stdio_out_chars_no_crlf
                0x10004160       0x10 CMakeFiles/force_sensor.dir/usr/local/picosdk/src/rp2_common/pico_stdio/stdio.c.o
 .text.stdio_out_chars_crlf
                0x10004170       0x94 CMakeFiles/force_sensor.dir/usr/local/picosdk/src/rp2_common/pico_stdio/stdio.c.o
 .text.stdio_buffered_printer
                0x10004204       0x64 CMakeFiles/force_sensor.dir/usr/local/picosdk/src/rp2_common/pico_stdio/stdio.c.o
 .text.stdio_put_string
                0x10004268      0x100 CMakeFiles/force_sensor.dir/usr/local/picosdk/src/rp2_common/pico_stdio/stdio.c.o
                0x10004268                stdio_put_string
 .text.stdio_set_driver_enabled
                0x10004368       0x30 CMakeFiles/force_sensor.dir/usr/local/picosdk/src/rp2_common/pico_stdio/stdio.c.o
                0x10004368                stdio_set_driver_enabled
 .text.stdio_init_all
                0x10004398        0x8 CMakeFiles/force_sensor.dir/usr/local/picosdk/src/rp2_common/pico_stdio/stdio.c.o
                0x10004398                stdio_init_all
 .text.__wrap_putchar
                0x100043a0       0x98 CMakeFiles/force_sensor.dir/usr/local/picosdk/src/rp2_common/pico_stdio/stdio.c.o
                0x100043a0                stdio_putchar
                0x100043a0                __wrap_putchar
 .text.__wrap_puts
                0x10004438       0x3c CMakeFiles/force_sensor.dir/usr/local/picosdk/src/rp2_common/pico_stdio/stdio.c.o
                0x10004438                __wrap_puts
                0x10004438                stdio_puts
 .text.__wrap_vprintf
                0x10004474       0xd4 CMakeFiles/force_sensor.dir/usr/local/picosdk/src/rp2_common/pico_stdio/stdio.c.o
                0x10004474                __wrap_vprintf
                0x10004474                stdio_vprintf
 .text.__wrap_printf
                0x10004548       0x18 CMakeFiles/force_sensor.dir/usr/local/picosdk/src/rp2_common/pico_stdio/stdio.c.o
                0x10004548                stdio_printf
                0x10004548                __wrap_printf
 .text.resetd_init
                0x10004560        0x4 CMakeFiles/force_sensor.dir/usr/local/picosdk/src/rp2_common/pico_stdio_usb/reset_interface.c.o
 .text.resetd_reset
                0x10004564        0xc CMakeFiles/force_sensor.dir/usr/local/picosdk/src/rp2_common/pico_stdio_usb/reset_interface.c.o
 .text.resetd_open
                0x10004570       0x28 CMakeFiles/force_sensor.dir/usr/local/picosdk/src/rp2_common/pico_stdio_usb/reset_interface.c.o
 .text.resetd_xfer_cb
                0x10004598        0x4 CMakeFiles/force_sensor.dir/usr/local/picosdk/src/rp2_common/pico_stdio_usb/reset_interface.c.o
 .text.resetd_control_xfer_cb
                0x1000459c       0x5c CMakeFiles/force_sensor.dir/usr/local/picosdk/src/rp2_common/pico_stdio_usb/reset_interface.c.o
 .text.tud_descriptor_bos_cb
                0x100045f8        0x8 CMakeFiles/force_sensor.dir/usr/local/picosdk/src/rp2_common/pico_stdio_usb/reset_interface.c.o
                0x100045f8                tud_descriptor_bos_cb
 .text.tud_vendor_control_xfer_cb
                0x10004600       0x34 CMakeFiles/force_sensor.dir/usr/local/picosdk/src/rp2_common/pico_stdio_usb/reset_interface.c.o
                0x10004600                tud_vendor_control_xfer_cb
 .text.usbd_app_driver_get_cb
                0x10004634        0xc CMakeFiles/force_sensor.dir/usr/local/picosdk/src/rp2_common/pico_stdio_usb/reset_interface.c.o
                0x10004634                usbd_app_driver_get_cb
 .text.tud_cdc_line_coding_cb
                0x10004640       0x2c CMakeFiles/force_sensor.dir/usr/local/picosdk/src/rp2_common/pico_stdio_usb/reset_interface.c.o
                0x10004640                tud_cdc_line_coding_cb
 .text.stdio_usb_set_chars_available_callback
                0x1000466c       0x14 CMakeFiles/force_sensor.dir/usr/local/picosdk/src/rp2_common/pico_stdio_usb/stdio_usb.c.o
                0x1000466c                stdio_usb_set_chars_available_callback
 .text.usb_irq  0x10004680       0x10 CMakeFiles/force_sensor.dir/usr/local/picosdk/src/rp2_common/pico_stdio_usb/stdio_usb.c.o
 .text.timer_task
                0x10004690       0x64 CMakeFiles/force_sensor.dir/usr/local/picosdk/src/rp2_common/pico_stdio_usb/stdio_usb.c.o
 .text.stdio_usb_in_chars
                0x100046f4       0x90 CMakeFiles/force_sensor.dir/usr/local/picosdk/src/rp2_common/pico_stdio_usb/stdio_usb.c.o
                0x100046f4                stdio_usb_in_chars
 .text.stdio_usb_out_flush
                0x10004784       0x50 CMakeFiles/force_sensor.dir/usr/local/picosdk/src/rp2_common/pico_stdio_usb/stdio_usb.c.o
 .text.stdio_usb_out_chars
                0x100047d4      0x104 CMakeFiles/force_sensor.dir/usr/local/picosdk/src/rp2_common/pico_stdio_usb/stdio_usb.c.o
 .text.low_priority_worker_irq
                0x100048d8       0xcc CMakeFiles/force_sensor.dir/usr/local/picosdk/src/rp2_common/pico_stdio_usb/stdio_usb.c.o
 .text.stdio_usb_init
                0x100049a4       0xec CMakeFiles/force_sensor.dir/usr/local/picosdk/src/rp2_common/pico_stdio_usb/stdio_usb.c.o
                0x100049a4                stdio_usb_init
 .text.tud_descriptor_device_cb
                0x10004a90        0x8 CMakeFiles/force_sensor.dir/usr/local/picosdk/src/rp2_common/pico_stdio_usb/stdio_usb_descriptors.c.o
                0x10004a90                tud_descriptor_device_cb
 .text.tud_descriptor_configuration_cb
                0x10004a98        0x8 CMakeFiles/force_sensor.dir/usr/local/picosdk/src/rp2_common/pico_stdio_usb/stdio_usb_descriptors.c.o
                0x10004a98                tud_descriptor_configuration_cb
 .text.tud_descriptor_string_cb
                0x10004aa0       0x78 CMakeFiles/force_sensor.dir/usr/local/picosdk/src/rp2_common/pico_stdio_usb/stdio_usb_descriptors.c.o
                0x10004aa0                tud_descriptor_string_cb
 .text.startup._retrieve_unique_id_on_boot
                0x10004b18       0x10 CMakeFiles/force_sensor.dir/usr/local/picosdk/src/rp2_common/pico_unique_id/unique_id.c.o
 .text.pico_get_unique_board_id_string
                0x10004b28      0x1a8 CMakeFiles/force_sensor.dir/usr/local/picosdk/src/rp2_common/pico_unique_id/unique_id.c.o
                0x10004b28                pico_get_unique_board_id_string
 .text.flash_get_unique_id
                0x10004cd0       0x3c CMakeFiles/force_sensor.dir/usr/local/picosdk/src/rp2_common/hardware_flash/flash.c.o
                0x10004cd0                flash_get_unique_id
 .text.dcd_init
                0x10004d0c       0x90 CMakeFiles/force_sensor.dir/usr/local/picosdk/lib/tinyusb/src/portable/raspberrypi/rp2040/dcd_rp2040.c.o
                0x10004d0c                dcd_init
 .text.dcd_int_enable
                0x10004d9c        0xc CMakeFiles/force_sensor.dir/usr/local/picosdk/lib/tinyusb/src/portable/raspberrypi/rp2040/dcd_rp2040.c.o
                0x10004d9c                dcd_int_enable
 .text.dcd_set_address
                0x10004da8       0x14 CMakeFiles/force_sensor.dir/usr/local/picosdk/lib/tinyusb/src/portable/raspberrypi/rp2040/dcd_rp2040.c.o
                0x10004da8                dcd_set_address
 .text.dcd_sof_enable
                0x10004dbc       0x1c CMakeFiles/force_sensor.dir/usr/local/picosdk/lib/tinyusb/src/portable/raspberrypi/rp2040/dcd_rp2040.c.o
                0x10004dbc                dcd_sof_enable
 .text.dcd_edpt0_status_complete
                0x10004dd8       0x1c CMakeFiles/force_sensor.dir/usr/local/picosdk/lib/tinyusb/src/portable/raspberrypi/rp2040/dcd_rp2040.c.o
                0x10004dd8                dcd_edpt0_status_complete
 .text.dcd_edpt_open
                0x10004df4      0x114 CMakeFiles/force_sensor.dir/usr/local/picosdk/lib/tinyusb/src/portable/raspberrypi/rp2040/dcd_rp2040.c.o
                0x10004df4                dcd_edpt_open
 .text.dcd_edpt_close_all
                0x10004f08        0x8 CMakeFiles/force_sensor.dir/usr/local/picosdk/lib/tinyusb/src/portable/raspberrypi/rp2040/dcd_rp2040.c.o
                0x10004f08                dcd_edpt_close_all
 .text.dcd_edpt_xfer
                0x10004f10       0x24 CMakeFiles/force_sensor.dir/usr/local/picosdk/lib/tinyusb/src/portable/raspberrypi/rp2040/dcd_rp2040.c.o
                0x10004f10                dcd_edpt_xfer
 .text.dcd_edpt_stall
                0x10004f34       0x34 CMakeFiles/force_sensor.dir/usr/local/picosdk/lib/tinyusb/src/portable/raspberrypi/rp2040/dcd_rp2040.c.o
                0x10004f34                dcd_edpt_stall
 .text.dcd_edpt_clear_stall
                0x10004f68       0x30 CMakeFiles/force_sensor.dir/usr/local/picosdk/lib/tinyusb/src/portable/raspberrypi/rp2040/dcd_rp2040.c.o
                0x10004f68                dcd_edpt_clear_stall
 .text.rp2040_usb_init
                0x10004f98       0x40 CMakeFiles/force_sensor.dir/usr/local/picosdk/lib/tinyusb/src/portable/raspberrypi/rp2040/rp2040_usb.c.o
                0x10004f98                rp2040_usb_init
 .text.hw_endpoint_xfer_start
                0x10004fd8       0x40 CMakeFiles/force_sensor.dir/usr/local/picosdk/lib/tinyusb/src/portable/raspberrypi/rp2040/rp2040_usb.c.o
                0x10004fd8                hw_endpoint_xfer_start
 .text.tud_event_hook_cb
                0x10005018        0x4 CMakeFiles/force_sensor.dir/usr/local/picosdk/lib/tinyusb/src/device/usbd.c.o
                0x10005018                tud_event_hook_cb
 .text.tud_sof_cb
                0x1000501c        0x4 CMakeFiles/force_sensor.dir/usr/local/picosdk/lib/tinyusb/src/device/usbd.c.o
                0x1000501c                tud_sof_cb
 .text.tud_descriptor_device_qualifier_cb
                0x10005020        0x4 CMakeFiles/force_sensor.dir/usr/local/picosdk/lib/tinyusb/src/device/usbd.c.o
                0x10005020                tud_descriptor_device_qualifier_cb
 .text.tud_descriptor_other_speed_configuration_cb
                0x10005024        0x4 CMakeFiles/force_sensor.dir/usr/local/picosdk/lib/tinyusb/src/device/usbd.c.o
                0x10005024                tud_descriptor_other_speed_configuration_cb
 .text.tud_mount_cb
                0x10005028        0x4 CMakeFiles/force_sensor.dir/usr/local/picosdk/lib/tinyusb/src/device/usbd.c.o
                0x10005028                tud_mount_cb
 .text.tud_umount_cb
                0x1000502c        0x4 CMakeFiles/force_sensor.dir/usr/local/picosdk/lib/tinyusb/src/device/usbd.c.o
                0x1000502c                tud_umount_cb
 .text.tud_suspend_cb
                0x10005030        0x4 CMakeFiles/force_sensor.dir/usr/local/picosdk/lib/tinyusb/src/device/usbd.c.o
                0x10005030                tud_suspend_cb
 .text.tud_resume_cb
                0x10005034        0x4 CMakeFiles/force_sensor.dir/usr/local/picosdk/lib/tinyusb/src/device/usbd.c.o
                0x10005034                tud_resume_cb
 .text.tud_mounted
                0x10005038       0x10 CMakeFiles/force_sensor.dir/usr/local/picosdk/lib/tinyusb/src/device/usbd.c.o
                0x10005038                tud_mounted
 .text.tud_suspended
                0x10005048       0x10 CMakeFiles/force_sensor.dir/usr/local/picosdk/lib/tinyusb/src/device/usbd.c.o
                0x10005048                tud_suspended
 .text.tud_rhport_init
                0x10005058       0xfc CMakeFiles/force_sensor.dir/usr/local/picosdk/lib/tinyusb/src/device/usbd.c.o
                0x10005058                tud_rhport_init
 .text.tud_task_ext
                0x10005154      0x800 CMakeFiles/force_sensor.dir/usr/local/picosdk/lib/tinyusb/src/device/usbd.c.o
                0x10005154                tud_task_ext
 .text.usbd_open_edpt_pair
                0x10005954       0x9c CMakeFiles/force_sensor.dir/usr/local/picosdk/lib/tinyusb/src/device/usbd.c.o
                0x10005954                usbd_open_edpt_pair
 .text.usbd_edpt_open
                0x100059f0       0x34 CMakeFiles/force_sensor.dir/usr/local/picosdk/lib/tinyusb/src/device/usbd.c.o
                0x100059f0                usbd_edpt_open
 .text.usbd_edpt_claim
                0x10005a24       0x28 CMakeFiles/force_sensor.dir/usr/local/picosdk/lib/tinyusb/src/device/usbd.c.o
                0x10005a24                usbd_edpt_claim
 .text.usbd_edpt_release
                0x10005a4c       0x28 CMakeFiles/force_sensor.dir/usr/local/picosdk/lib/tinyusb/src/device/usbd.c.o
                0x10005a4c                usbd_edpt_release
 .text.usbd_edpt_xfer
                0x10005a74       0x4c CMakeFiles/force_sensor.dir/usr/local/picosdk/lib/tinyusb/src/device/usbd.c.o
                0x10005a74                usbd_edpt_xfer
 .text.tud_control_status
                0x10005ac0       0x2c CMakeFiles/force_sensor.dir/usr/local/picosdk/lib/tinyusb/src/device/usbd_control.c.o
                0x10005ac0                tud_control_status
 .text.tud_control_xfer
                0x10005aec       0xac CMakeFiles/force_sensor.dir/usr/local/picosdk/lib/tinyusb/src/device/usbd_control.c.o
                0x10005aec                tud_control_xfer
 .text.usbd_control_reset
                0x10005b98       0x14 CMakeFiles/force_sensor.dir/usr/local/picosdk/lib/tinyusb/src/device/usbd_control.c.o
                0x10005b98                usbd_control_reset
 .text.usbd_control_set_complete_callback
                0x10005bac        0xc CMakeFiles/force_sensor.dir/usr/local/picosdk/lib/tinyusb/src/device/usbd_control.c.o
                0x10005bac                usbd_control_set_complete_callback
 .text.usbd_control_set_request
                0x10005bb8       0x1c CMakeFiles/force_sensor.dir/usr/local/picosdk/lib/tinyusb/src/device/usbd_control.c.o
                0x10005bb8                usbd_control_set_request
 .text.usbd_control_xfer_cb
                0x10005bd4       0xec CMakeFiles/force_sensor.dir/usr/local/picosdk/lib/tinyusb/src/device/usbd_control.c.o
                0x10005bd4                usbd_control_xfer_cb
 .text._prep_out_transaction.isra.0
                0x10005cc0       0x6c CMakeFiles/force_sensor.dir/usr/local/picosdk/lib/tinyusb/src/class/cdc/cdc_device.c.o
 .text.tud_cdc_n_connected
                0x10005d2c       0x2c CMakeFiles/force_sensor.dir/usr/local/picosdk/lib/tinyusb/src/class/cdc/cdc_device.c.o
                0x10005d2c                tud_cdc_n_connected
 .text.tud_cdc_n_available
                0x10005d58       0x14 CMakeFiles/force_sensor.dir/usr/local/picosdk/lib/tinyusb/src/class/cdc/cdc_device.c.o
                0x10005d58                tud_cdc_n_available
 .text.tud_cdc_n_read
                0x10005d6c       0x94 CMakeFiles/force_sensor.dir/usr/local/picosdk/lib/tinyusb/src/class/cdc/cdc_device.c.o
                0x10005d6c                tud_cdc_n_read
 .text.tud_cdc_n_write_flush
                0x10005e00       0x74 CMakeFiles/force_sensor.dir/usr/local/picosdk/lib/tinyusb/src/class/cdc/cdc_device.c.o
                0x10005e00                tud_cdc_n_write_flush
 .text.tud_cdc_n_write
                0x10005e74       0x40 CMakeFiles/force_sensor.dir/usr/local/picosdk/lib/tinyusb/src/class/cdc/cdc_device.c.o
                0x10005e74                tud_cdc_n_write
 .text.tud_cdc_n_write_available
                0x10005eb4       0x14 CMakeFiles/force_sensor.dir/usr/local/picosdk/lib/tinyusb/src/class/cdc/cdc_device.c.o
                0x10005eb4                tud_cdc_n_write_available
 .text.cdcd_init
                0x10005ec8       0x70 CMakeFiles/force_sensor.dir/usr/local/picosdk/lib/tinyusb/src/class/cdc/cdc_device.c.o
                0x10005ec8                cdcd_init
 .text.cdcd_deinit
                0x10005f38       0x34 CMakeFiles/force_sensor.dir/usr/local/picosdk/lib/tinyusb/src/class/cdc/cdc_device.c.o
                0x10005f38                cdcd_deinit
 .text.cdcd_reset
                0x10005f6c       0x4c CMakeFiles/force_sensor.dir/usr/local/picosdk/lib/tinyusb/src/class/cdc/cdc_device.c.o
                0x10005f6c                cdcd_reset
 .text.cdcd_open
                0x10005fb8       0xa8 CMakeFiles/force_sensor.dir/usr/local/picosdk/lib/tinyusb/src/class/cdc/cdc_device.c.o
                0x10005fb8                cdcd_open
 .text.cdcd_control_xfer_cb
                0x10006060       0xe8 CMakeFiles/force_sensor.dir/usr/local/picosdk/lib/tinyusb/src/class/cdc/cdc_device.c.o
                0x10006060                cdcd_control_xfer_cb
 .text.cdcd_xfer_cb
                0x10006148      0x100 CMakeFiles/force_sensor.dir/usr/local/picosdk/lib/tinyusb/src/class/cdc/cdc_device.c.o
                0x10006148                cdcd_xfer_cb
 .text.vendord_init
                0x10006248       0x5c CMakeFiles/force_sensor.dir/usr/local/picosdk/lib/tinyusb/src/class/vendor/vendor_device.c.o
                0x10006248                vendord_init
 .text.vendord_deinit
                0x100062a4       0x1c CMakeFiles/force_sensor.dir/usr/local/picosdk/lib/tinyusb/src/class/vendor/vendor_device.c.o
                0x100062a4                vendord_deinit
 .text.vendord_reset
                0x100062c0       0x28 CMakeFiles/force_sensor.dir/usr/local/picosdk/lib/tinyusb/src/class/vendor/vendor_device.c.o
                0x100062c0                vendord_reset
 .text.vendord_open
                0x100062e8      0x128 CMakeFiles/force_sensor.dir/usr/local/picosdk/lib/tinyusb/src/class/vendor/vendor_device.c.o
                0x100062e8                vendord_open
 .text.vendord_xfer_cb
                0x10006410       0x9c CMakeFiles/force_sensor.dir/usr/local/picosdk/lib/tinyusb/src/class/vendor/vendor_device.c.o
                0x10006410                vendord_xfer_cb
 .text.tusb_rhport_init
                0x100064ac       0x48 CMakeFiles/force_sensor.dir/usr/local/picosdk/lib/tinyusb/src/tusb.c.o
                0x100064ac                tusb_rhport_init
 .text.tu_edpt_claim
                0x100064f4       0x50 CMakeFiles/force_sensor.dir/usr/local/picosdk/lib/tinyusb/src/tusb.c.o
                0x100064f4                tu_edpt_claim
 .text.tu_edpt_release
                0x10006544       0x38 CMakeFiles/force_sensor.dir/usr/local/picosdk/lib/tinyusb/src/tusb.c.o
                0x10006544                tu_edpt_release
 .text.tu_edpt_validate
                0x1000657c       0x7c CMakeFiles/force_sensor.dir/usr/local/picosdk/lib/tinyusb/src/tusb.c.o
                0x1000657c                tu_edpt_validate
 .text.tu_edpt_bind_driver
                0x100065f8       0x34 CMakeFiles/force_sensor.dir/usr/local/picosdk/lib/tinyusb/src/tusb.c.o
                0x100065f8                tu_edpt_bind_driver
 .text.tu_edpt_stream_init
                0x1000662c       0x6c CMakeFiles/force_sensor.dir/usr/local/picosdk/lib/tinyusb/src/tusb.c.o
                0x1000662c                tu_edpt_stream_init
 .text.tu_edpt_stream_deinit
                0x10006698        0x4 CMakeFiles/force_sensor.dir/usr/local/picosdk/lib/tinyusb/src/tusb.c.o
                0x10006698                tu_edpt_stream_deinit
 .text.tu_edpt_stream_write_zlp_if_needed
                0x1000669c       0x68 CMakeFiles/force_sensor.dir/usr/local/picosdk/lib/tinyusb/src/tusb.c.o
                0x1000669c                tu_edpt_stream_write_zlp_if_needed
 .text.tu_edpt_stream_write_xfer
                0x10006704       0x64 CMakeFiles/force_sensor.dir/usr/local/picosdk/lib/tinyusb/src/tusb.c.o
                0x10006704                tu_edpt_stream_write_xfer
 .text.tu_edpt_stream_read_xfer
                0x10006768       0xdc CMakeFiles/force_sensor.dir/usr/local/picosdk/lib/tinyusb/src/tusb.c.o
                0x10006768                tu_edpt_stream_read_xfer
 .text.tu_fifo_config
                0x10006844       0x6c CMakeFiles/force_sensor.dir/usr/local/picosdk/lib/tinyusb/src/common/tusb_fifo.c.o
                0x10006844                tu_fifo_config
 .text.tu_fifo_count
                0x100068b0       0x2c CMakeFiles/force_sensor.dir/usr/local/picosdk/lib/tinyusb/src/common/tusb_fifo.c.o
                0x100068b0                tu_fifo_count
 .text.tu_fifo_empty
                0x100068dc       0x10 CMakeFiles/force_sensor.dir/usr/local/picosdk/lib/tinyusb/src/common/tusb_fifo.c.o
                0x100068dc                tu_fifo_empty
 .text.tu_fifo_remaining
                0x100068ec       0x2c CMakeFiles/force_sensor.dir/usr/local/picosdk/lib/tinyusb/src/common/tusb_fifo.c.o
                0x100068ec                tu_fifo_remaining
 .text.tu_fifo_read
                0x10006918       0x9c CMakeFiles/force_sensor.dir/usr/local/picosdk/lib/tinyusb/src/common/tusb_fifo.c.o
                0x10006918                tu_fifo_read
 .text.tu_fifo_read_n
                0x100069b4       0xe8 CMakeFiles/force_sensor.dir/usr/local/picosdk/lib/tinyusb/src/common/tusb_fifo.c.o
                0x100069b4                tu_fifo_read_n
 .text.tu_fifo_write
                0x10006a9c       0xa8 CMakeFiles/force_sensor.dir/usr/local/picosdk/lib/tinyusb/src/common/tusb_fifo.c.o
                0x10006a9c                tu_fifo_write
 .text.tu_fifo_write_n
                0x10006b44      0x178 CMakeFiles/force_sensor.dir/usr/local/picosdk/lib/tinyusb/src/common/tusb_fifo.c.o
                0x10006b44                tu_fifo_write_n
 .text.tu_fifo_clear
                0x10006cbc       0x40 CMakeFiles/force_sensor.dir/usr/local/picosdk/lib/tinyusb/src/common/tusb_fifo.c.o
                0x10006cbc                tu_fifo_clear
 .text.tu_fifo_set_overwritable
                0x10006cfc       0x48 CMakeFiles/force_sensor.dir/usr/local/picosdk/lib/tinyusb/src/common/tusb_fifo.c.o
                0x10006cfc                tu_fifo_set_overwritable
 .text.i2c_read_blocking_internal.constprop.0
                0x10006d44       0x98 CMakeFiles/force_sensor.dir/usr/local/picosdk/src/rp2_common/hardware_i2c/i2c.c.o
 .text.i2c_write_blocking_internal.constprop.0
                0x10006ddc       0xd0 CMakeFiles/force_sensor.dir/usr/local/picosdk/src/rp2_common/hardware_i2c/i2c.c.o
 .text.i2c_set_baudrate
                0x10006eac       0xc0 CMakeFiles/force_sensor.dir/usr/local/picosdk/src/rp2_common/hardware_i2c/i2c.c.o
                0x10006eac                i2c_set_baudrate
 .text.i2c_init
                0x10006f6c       0x50 CMakeFiles/force_sensor.dir/usr/local/picosdk/src/rp2_common/hardware_i2c/i2c.c.o
                0x10006f6c                i2c_init
 .text.i2c_write_blocking
                0x10006fbc       0x14 CMakeFiles/force_sensor.dir/usr/local/picosdk/src/rp2_common/hardware_i2c/i2c.c.o
                0x10006fbc                i2c_write_blocking
 .text.i2c_read_blocking
                0x10006fd0       0x14 CMakeFiles/force_sensor.dir/usr/local/picosdk/src/rp2_common/hardware_i2c/i2c.c.o
                0x10006fd0                i2c_read_blocking
 .text          0x10006fe4       0x10 /usr/lib/gcc/arm-none-eabi/13.2.1/../../../arm-none-eabi/lib/thumb/v6-m/nofp/libg.a(libc_a-atexit.o)
                0x10006fe4                atexit
 .text          0x10006ff4       0x5c /usr/lib/gcc/arm-none-eabi/13.2.1/../../../arm-none-eabi/lib/thumb/v6-m/nofp/libg.a(libc_a-strlen-stub.o)
                0x10006ff4                strlen
 .text          0x10007050       0x28 /usr/lib/gcc/arm-none-eabi/13.2.1/../../../arm-none-eabi/lib/thumb/v6-m/nofp/libg.a(libc_a-fini.o)
                0x10007050                __libc_fini_array
 .text          0x10007078       0x78 /usr/lib/gcc/arm-none-eabi/13.2.1/../../../arm-none-eabi/lib/thumb/v6-m/nofp/libg.a(libc_a-__atexit.o)
                0x10007078                __register_exitproc
 .text.startup  0x100070f0       0x18 /usr/lib/gcc/arm-none-eabi/13.2.1/../../../arm-none-eabi/lib/thumb/v6-m/nofp/libg.a(libc_a-__call_atexit.o)
 *(.fini)
 .fini          0x10007108        0x4 /usr/lib/gcc/arm-none-eabi/13.2.1/thumb/v6-m/nofp/crti.o
                0x10007108                _fini
 *fill*         0x1000710c        0x4 
 .fini.__stub   0x10007110       0xc0 linker stubs
 *crtbegin.o(.ctors)
 *crtbegin?.o(.ctors)
 *(EXCLUDE_FILE(*crtend.o *crtend?.o) .ctors)
 *(SORT_BY_NAME(.ctors.*))
 *(.ctors)
 *crtbegin.o(.dtors)
 *crtbegin?.o(.dtors)
 *(EXCLUDE_FILE(*crtend.o *crtend?.o) .dtors)
 *(SORT_BY_NAME(.dtors.*))
 *(.dtors)
                0x100071d0                        . = ALIGN (0x4)
                0x100071d0                        PROVIDE (__preinit_array_start = .)
 *(SORT_BY_NAME(.preinit_array.*))
 .preinit_array.00100
                0x100071d0        0x4 CMakeFiles/force_sensor.dir/usr/local/picosdk/src/rp2_common/pico_runtime_init/runtime_init.c.o
                0x100071d0                __pre_init_runtime_init_early_resets
 .preinit_array.00101
                0x100071d4        0x4 CMakeFiles/force_sensor.dir/usr/local/picosdk/src/rp2_common/pico_runtime_init/runtime_init.c.o
                0x100071d4                __pre_init_runtime_init_usb_power_down
 .preinit_array.00275
                0x100071d8        0x4 CMakeFiles/force_sensor.dir/usr/local/picosdk/src/rp2_common/pico_bit_ops/bit_ops_aeabi.S.o
 .preinit_array.00300
                0x100071dc        0x4 CMakeFiles/force_sensor.dir/usr/local/picosdk/src/rp2_common/pico_mem_ops/mem_ops_aeabi.S.o
 .preinit_array.00350
                0x100071e0        0x4 CMakeFiles/force_sensor.dir/usr/local/picosdk/src/rp2_common/pico_double/double_aeabi_rp2040.S.o
 .preinit_array.00350
                0x100071e4        0x4 CMakeFiles/force_sensor.dir/usr/local/picosdk/src/rp2_common/pico_float/float_aeabi_rp2040.S.o
 .preinit_array.00500
                0x100071e8        0x4 CMakeFiles/force_sensor.dir/usr/local/picosdk/src/rp2_common/pico_runtime_init/runtime_init.c.o
                0x100071e8                __pre_init_runtime_init_clocks
 .preinit_array.00600
                0x100071ec        0x4 CMakeFiles/force_sensor.dir/usr/local/picosdk/src/rp2_common/pico_runtime_init/runtime_init.c.o
                0x100071ec                __pre_init_runtime_init_post_clock_resets
 .preinit_array.00700
                0x100071f0        0x4 CMakeFiles/force_sensor.dir/usr/local/picosdk/src/rp2_common/pico_runtime_init/runtime_init.c.o
                0x100071f0                __pre_init_runtime_init_rp2040_gpio_ie_disable
 .preinit_array.01000
                0x100071f4        0x4 CMakeFiles/force_sensor.dir/usr/local/picosdk/src/rp2_common/pico_runtime_init/runtime_init.c.o
                0x100071f4                __pre_init_runtime_init_spin_locks_reset
 .preinit_array.01100
                0x100071f8        0x4 CMakeFiles/force_sensor.dir/usr/local/picosdk/src/common/pico_sync/mutex.c.o
                0x100071f8                __pre_init_runtime_init_mutex
 .preinit_array.10080
                0x100071fc        0x4 CMakeFiles/force_sensor.dir/usr/local/picosdk/src/rp2_common/pico_runtime_init/runtime_init.c.o
                0x100071fc                __pre_init_runtime_init_install_ram_vector_table
 .preinit_array.11000
                0x10007200        0x4 CMakeFiles/force_sensor.dir/usr/local/picosdk/src/common/pico_time/time.c.o
                0x10007200                __pre_init_runtime_init_default_alarm_pool
 .preinit_array.YYYYY
                0x10007204        0x4 CMakeFiles/force_sensor.dir/usr/local/picosdk/src/rp2_common/pico_runtime/runtime.c.o
                0x10007204                __pre_init_first_per_core_initializer
 .preinit_array.ZZZZZ.01200
                0x10007208        0x4 CMakeFiles/force_sensor.dir/usr/local/picosdk/src/rp2_common/hardware_irq/irq.c.o
                0x10007208                __pre_init_runtime_init_per_core_irq_priorities
 *(.preinit_array)
                0x1000720c                        PROVIDE (__preinit_array_end = .)
                0x1000720c                        . = ALIGN (0x4)
                0x1000720c                        PROVIDE (__init_array_start = .)
 *(SORT_BY_NAME(.init_array.*))
 .init_array.00000
                0x1000720c        0x4 /usr/lib/gcc/arm-none-eabi/13.2.1/../../../arm-none-eabi/lib/thumb/v6-m/nofp/libg.a(libc_a-__call_atexit.o)
 *(.init_array)
 .init_array    0x10007210        0x4 /usr/lib/gcc/arm-none-eabi/13.2.1/thumb/v6-m/nofp/crtbegin.o
 .init_array    0x10007214        0x4 CMakeFiles/force_sensor.dir/usr/local/picosdk/src/rp2_common/pico_unique_id/unique_id.c.o
                0x10007218                        PROVIDE (__init_array_end = .)
                0x10007218                        . = ALIGN (0x4)
                0x10007218                        PROVIDE (__fini_array_start = .)
 *(SORT_BY_NAME(.fini_array.*))
 *(.fini_array)
                0x10007218                        PROVIDE (__fini_array_end = .)
 *(.eh_frame*)
 .eh_frame      0x10007218        0x0 /usr/lib/gcc/arm-none-eabi/13.2.1/thumb/v6-m/nofp/crtbegin.o
                0x10007218                        . = ALIGN (0x4)

.glue_7         0x10007218        0x0
 .glue_7        0x10007218        0x0 linker stubs

.glue_7t        0x10007218        0x0
 .glue_7t       0x10007218        0x0 linker stubs

.vfp11_veneer   0x10007218        0x0
 .vfp11_veneer  0x10007218        0x0 linker stubs

.v4_bx          0x10007218        0x0
 .v4_bx         0x10007218        0x0 linker stubs

.iplt           0x10007218        0x0
 .iplt          0x10007218        0x0 /usr/lib/gcc/arm-none-eabi/13.2.1/thumb/v6-m/nofp/crtbegin.o

.rodata         0x10007218      0xa14
 *(EXCLUDE_FILE(*libm.a: *libc.a:*lib_a-mem*.o *libgcc.a:) .rodata*)
 .rodata.main.str1.4
                0x10007218      0x36c CMakeFiles/force_sensor.dir/force_sensor.c.o
                                0x1f7 (size before relaxing)
 .rodata.mlx90393_lsb_lookup
                0x10007584      0x200 CMakeFiles/force_sensor.dir/force_sensor.c.o
                0x10007584                mlx90393_lsb_lookup
 .rodata.panic.str1.4
                0x10007784       0x12 CMakeFiles/force_sensor.dir/usr/local/picosdk/src/rp2_common/pico_platform_panic/panic.c.o
 .rodata.spin_lock_claim_unused.str1.4
                0x10007784       0x1b CMakeFiles/force_sensor.dir/usr/local/picosdk/src/rp2_common/hardware_sync/sync.c.o
 .rodata.user_irq_claim_unused.str1.4
                0x10007784       0x1b CMakeFiles/force_sensor.dir/usr/local/picosdk/src/rp2_common/hardware_irq/irq.c.o
 .rodata.timer_hardware_alarm_claim.str1.4
                0x10007784       0x22 CMakeFiles/force_sensor.dir/usr/local/picosdk/src/rp2_common/hardware_timer/timer.c.o
 .rodata.hard_assertion_failure.str1.4
                0x10007784        0xc CMakeFiles/force_sensor.dir/usr/local/picosdk/src/rp2_common/pico_runtime/runtime.c.o
 .rodata.str1.4
                0x10007784       0x44 CMakeFiles/force_sensor.dir/usr/local/picosdk/src/rp2_common/pico_standard_binary_info/standard_binary_info.c.o
 .rodata.__bi_84
                0x10007784        0xc CMakeFiles/force_sensor.dir/usr/local/picosdk/src/rp2_common/pico_standard_binary_info/standard_binary_info.c.o
 .rodata.__bi_78
                0x10007790        0xc CMakeFiles/force_sensor.dir/usr/local/picosdk/src/rp2_common/pico_standard_binary_info/standard_binary_info.c.o
 .rodata.__bi_54
                0x1000779c        0xc CMakeFiles/force_sensor.dir/usr/local/picosdk/src/rp2_common/pico_standard_binary_info/standard_binary_info.c.o
 .rodata.__bi_48
                0x100077a8        0xc CMakeFiles/force_sensor.dir/usr/local/picosdk/src/rp2_common/pico_standard_binary_info/standard_binary_info.c.o
 .rodata.__bi_42
                0x100077b4        0xc CMakeFiles/force_sensor.dir/usr/local/picosdk/src/rp2_common/pico_standard_binary_info/standard_binary_info.c.o
 .rodata.__bi_34
                0x100077c0        0xc CMakeFiles/force_sensor.dir/usr/local/picosdk/src/rp2_common/pico_standard_binary_info/standard_binary_info.c.o
 .rodata.__bi_26
                0x100077cc        0xc CMakeFiles/force_sensor.dir/usr/local/picosdk/src/rp2_common/pico_standard_binary_info/standard_binary_info.c.o
 .rodata._ftoa.str1.4
                0x100077d8       0x15 CMakeFiles/force_sensor.dir/usr/local/picosdk/src/rp2_common/pico_printf/printf.c.o
 .rodata._vsnprintf
                0x100077d8      0x19c CMakeFiles/force_sensor.dir/usr/local/picosdk/src/rp2_common/pico_printf/printf.c.o
 *fill*         0x10007974        0x4 
 .rodata.pow10.0
                0x10007978       0x50 CMakeFiles/force_sensor.dir/usr/local/picosdk/src/rp2_common/pico_printf/printf.c.o
 .rodata.crlf_str.0
                0x100079c8        0x2 CMakeFiles/force_sensor.dir/usr/local/picosdk/src/rp2_common/pico_stdio/stdio.c.o
 *fill*         0x100079ca        0x2 
 .rodata._resetd_driver
                0x100079cc       0x20 CMakeFiles/force_sensor.dir/usr/local/picosdk/src/rp2_common/pico_stdio_usb/reset_interface.c.o
 .rodata.desc_ms_os_20
                0x100079ec       0xa6 CMakeFiles/force_sensor.dir/usr/local/picosdk/src/rp2_common/pico_stdio_usb/reset_interface.c.o
 *fill*         0x10007a92        0x2 
 .rodata.desc_bos
                0x10007a94       0x21 CMakeFiles/force_sensor.dir/usr/local/picosdk/src/rp2_common/pico_stdio_usb/reset_interface.c.o
                0x10007a94                desc_bos
 .rodata.str1.4
                0x10007ab5       0x13 CMakeFiles/force_sensor.dir/usr/local/picosdk/src/rp2_common/pico_stdio_usb/stdio_usb.c.o
 *fill*         0x10007ab5        0x3 
 .rodata.__bi_197.0
                0x10007ab8        0xc CMakeFiles/force_sensor.dir/usr/local/picosdk/src/rp2_common/pico_stdio_usb/stdio_usb.c.o
 .rodata.str1.4
                0x10007ac4       0x2a CMakeFiles/force_sensor.dir/usr/local/picosdk/src/rp2_common/pico_stdio_usb/stdio_usb_descriptors.c.o
 .rodata.usbd_desc_str
                0x10007ac4       0x18 CMakeFiles/force_sensor.dir/usr/local/picosdk/src/rp2_common/pico_stdio_usb/stdio_usb_descriptors.c.o
 .rodata.usbd_desc_cfg
                0x10007adc       0x54 CMakeFiles/force_sensor.dir/usr/local/picosdk/src/rp2_common/pico_stdio_usb/stdio_usb_descriptors.c.o
 .rodata.usbd_desc_device
                0x10007b30       0x12 CMakeFiles/force_sensor.dir/usr/local/picosdk/src/rp2_common/pico_stdio_usb/stdio_usb_descriptors.c.o
 .rodata.str1.4
                0x10007b42       0x14 CMakeFiles/force_sensor.dir/usr/local/picosdk/lib/tinyusb/src/portable/raspberrypi/rp2040/dcd_rp2040.c.o
 .rodata.str1.4
                0x10007b42       0x48 CMakeFiles/force_sensor.dir/usr/local/picosdk/lib/tinyusb/src/portable/raspberrypi/rp2040/rp2040_usb.c.o
 *fill*         0x10007b42        0x2 
 .rodata.tud_task_ext
                0x10007b44       0x8c CMakeFiles/force_sensor.dir/usr/local/picosdk/lib/tinyusb/src/device/usbd.c.o
 .rodata        0x10007bd0       0x1c CMakeFiles/force_sensor.dir/usr/local/picosdk/lib/tinyusb/src/device/usbd.c.o
 .rodata._usbd_driver
                0x10007bec       0x40 CMakeFiles/force_sensor.dir/usr/local/picosdk/lib/tinyusb/src/device/usbd.c.o
                0x10007c2c                        . = ALIGN (0x4)
 *(SORT_BY_ALIGNMENT(SORT_BY_NAME(.flashdata*)))
                0x10007c2c                        . = ALIGN (0x4)

.ARM.extab
 *(.ARM.extab* .gnu.linkonce.armextab.*)
                0x10007c2c                        __exidx_start = .

.ARM.exidx
 *(.ARM.exidx* .gnu.linkonce.armexidx.*)
                0x10007c2c                        __exidx_end = .
                0x10007c2c                        . = ALIGN (0x4)
                0x10007c2c                        __binary_info_start = .

.binary_info    0x10007c2c       0x20
 *(.binary_info.keep.*)
 .binary_info.keep.__bi_ptr84
                0x10007c2c        0x4 CMakeFiles/force_sensor.dir/usr/local/picosdk/src/rp2_common/pico_standard_binary_info/standard_binary_info.c.o
 .binary_info.keep.__bi_ptr78
                0x10007c30        0x4 CMakeFiles/force_sensor.dir/usr/local/picosdk/src/rp2_common/pico_standard_binary_info/standard_binary_info.c.o
 .binary_info.keep.__bi_ptr54
                0x10007c34        0x4 CMakeFiles/force_sensor.dir/usr/local/picosdk/src/rp2_common/pico_standard_binary_info/standard_binary_info.c.o
 .binary_info.keep.__bi_ptr48
                0x10007c38        0x4 CMakeFiles/force_sensor.dir/usr/local/picosdk/src/rp2_common/pico_standard_binary_info/standard_binary_info.c.o
 .binary_info.keep.__bi_ptr42
                0x10007c3c        0x4 CMakeFiles/force_sensor.dir/usr/local/picosdk/src/rp2_common/pico_standard_binary_info/standard_binary_info.c.o
 .binary_info.keep.__bi_ptr34
                0x10007c40        0x4 CMakeFiles/force_sensor.dir/usr/local/picosdk/src/rp2_common/pico_standard_binary_info/standard_binary_info.c.o
 .binary_info.keep.__bi_ptr26
                0x10007c44        0x4 CMakeFiles/force_sensor.dir/usr/local/picosdk/src/rp2_common/pico_standard_binary_info/standard_binary_info.c.o
 *(.binary_info.*)
 .binary_info.__bi_ptr197
                0x10007c48        0x4 CMakeFiles/force_sensor.dir/usr/local/picosdk/src/rp2_common/pico_stdio_usb/stdio_usb.c.o
                0x10007c4c                        __binary_info_end = .

.rel.dyn        0x10007c4c        0x0
 .rel.iplt      0x10007c4c        0x0 /usr/lib/gcc/arm-none-eabi/13.2.1/thumb/v6-m/nofp/crtbegin.o
                0x10007c4c                        . = ALIGN (0x4)

.ram_vector_table
                0x20000000       0xc0
 *(.ram_vector_table)
 .ram_vector_table
                0x20000000       0xc0 CMakeFiles/force_sensor.dir/usr/local/picosdk/src/rp2_common/pico_runtime_init/runtime_init.c.o
                0x20000000                ram_vector_table

.uninitialized_data
                0x200000c0        0x0
                0x200000c0                        . = ALIGN (0x4)
 *(.uninitialized_data*)

.data           0x200000c0      0xf68 load address 0x10007c4c
                0x200000c0                        __data_start__ = .
 *(vtable)
 *(.time_critical*)
 .time_critical.mutex_try_enter
                0x200000c0       0x40 CMakeFiles/force_sensor.dir/usr/local/picosdk/src/common/pico_sync/mutex.c.o
                0x200000c0                mutex_try_enter
 .time_critical.mutex_try_enter_block_until
                0x20000100       0x9c CMakeFiles/force_sensor.dir/usr/local/picosdk/src/common/pico_sync/mutex.c.o
                0x20000100                mutex_try_enter_block_until
 .time_critical.mutex_enter_timeout_ms
                0x2000019c       0x90 CMakeFiles/force_sensor.dir/usr/local/picosdk/src/common/pico_sync/mutex.c.o
                0x2000019c                mutex_enter_timeout_ms
 .time_critical.mutex_exit
                0x2000022c       0x28 CMakeFiles/force_sensor.dir/usr/local/picosdk/src/common/pico_sync/mutex.c.o
                0x2000022c                mutex_exit
 .time_critical.flash_init_boot2_copyout
                0x20000254       0x30 CMakeFiles/force_sensor.dir/usr/local/picosdk/src/rp2_common/hardware_flash/flash.c.o
 .time_critical.flash_enable_xip_via_boot2
                0x20000284        0xc CMakeFiles/force_sensor.dir/usr/local/picosdk/src/rp2_common/hardware_flash/flash.c.o
 .time_critical.flash_cs_force
                0x20000290       0x38 CMakeFiles/force_sensor.dir/usr/local/picosdk/src/rp2_common/hardware_flash/flash.c.o
 .time_critical.flash_do_cmd
                0x200002c8       0xc0 CMakeFiles/force_sensor.dir/usr/local/picosdk/src/rp2_common/hardware_flash/flash.c.o
                0x200002c8                flash_do_cmd
 .time_critical.reset_non_control_endpoints
                0x20000388       0x68 CMakeFiles/force_sensor.dir/usr/local/picosdk/lib/tinyusb/src/portable/raspberrypi/rp2040/dcd_rp2040.c.o
 .time_critical.hw_handle_buff_status
                0x200003f0       0xa0 CMakeFiles/force_sensor.dir/usr/local/picosdk/lib/tinyusb/src/portable/raspberrypi/rp2040/dcd_rp2040.c.o
 .time_critical.dcd_rp2040_irq
                0x20000490      0x544 CMakeFiles/force_sensor.dir/usr/local/picosdk/lib/tinyusb/src/portable/raspberrypi/rp2040/dcd_rp2040.c.o
 .time_critical.prepare_ep_buffer
                0x200009d4       0xe0 CMakeFiles/force_sensor.dir/usr/local/picosdk/lib/tinyusb/src/portable/raspberrypi/rp2040/rp2040_usb.c.o
 .time_critical.sync_ep_buffer
                0x20000ab4       0xa8 CMakeFiles/force_sensor.dir/usr/local/picosdk/lib/tinyusb/src/portable/raspberrypi/rp2040/rp2040_usb.c.o
 .time_critical._hw_endpoint_xfer_sync
                0x20000b5c       0x28 CMakeFiles/force_sensor.dir/usr/local/picosdk/lib/tinyusb/src/portable/raspberrypi/rp2040/rp2040_usb.c.o
 .time_critical.e15_is_bulkin_ep
                0x20000b84       0x28 CMakeFiles/force_sensor.dir/usr/local/picosdk/lib/tinyusb/src/portable/raspberrypi/rp2040/rp2040_usb.c.o
 .time_critical.e15_is_critical_frame_period
                0x20000bac       0x34 CMakeFiles/force_sensor.dir/usr/local/picosdk/lib/tinyusb/src/portable/raspberrypi/rp2040/rp2040_usb.c.o
 .time_critical.hw_endpoint_reset_transfer
                0x20000be0        0xc CMakeFiles/force_sensor.dir/usr/local/picosdk/lib/tinyusb/src/portable/raspberrypi/rp2040/rp2040_usb.c.o
                0x20000be0                hw_endpoint_reset_transfer
 .time_critical._hw_endpoint_buffer_control_update32
                0x20000bec       0x50 CMakeFiles/force_sensor.dir/usr/local/picosdk/lib/tinyusb/src/portable/raspberrypi/rp2040/rp2040_usb.c.o
                0x20000bec                _hw_endpoint_buffer_control_update32
 .time_critical.hw_endpoint_start_next_buffer
                0x20000c3c       0x6c CMakeFiles/force_sensor.dir/usr/local/picosdk/lib/tinyusb/src/portable/raspberrypi/rp2040/rp2040_usb.c.o
                0x20000c3c                hw_endpoint_start_next_buffer
 .time_critical.hw_endpoint_xfer_continue
                0x20000ca8       0x40 CMakeFiles/force_sensor.dir/usr/local/picosdk/lib/tinyusb/src/portable/raspberrypi/rp2040/rp2040_usb.c.o
                0x20000ca8                hw_endpoint_xfer_continue
 .time_critical.tinyusb
                0x20000ce8      0x1e4 CMakeFiles/force_sensor.dir/usr/local/picosdk/lib/tinyusb/src/device/usbd.c.o
                0x20000ce8                dcd_event_handler
 *(.text*)
 .text          0x20000ecc        0x4 /usr/lib/gcc/arm-none-eabi/13.2.1/thumb/v6-m/nofp/libgcc.a(_dvmd_tls.o)
                0x20000ecc                __aeabi_ldiv0
                0x20000ecc                __aeabi_idiv0
 .text.__stub   0x20000ed0       0x80 linker stubs
                0x20000f50                        . = ALIGN (0x4)
 *(.rodata*)
                0x20000f50                        . = ALIGN (0x4)
 *(.data*)
 .data.first_mag_reading
                0x20000f50        0x1 CMakeFiles/force_sensor.dir/force_sensor.c.o
                0x20000f50                first_mag_reading
 .data.mlx_gain
                0x20000f51        0x1 CMakeFiles/force_sensor.dir/force_sensor.c.o
                0x20000f51                mlx_gain
 .data.striped_spin_lock_num
                0x20000f52        0x1 CMakeFiles/force_sensor.dir/usr/local/picosdk/src/rp2_common/hardware_sync/sync.c.o
 *fill*         0x20000f53        0x1 
 .data          0x20000f54       0x48 CMakeFiles/force_sensor.dir/usr/local/picosdk/src/rp2_common/hardware_irq/irq_handler_chain.S.o
                0x20000f54                irq_handler_chain_slots
                0x20000f84                irq_handler_chain_first_slot
                0x20000f8e                irq_handler_chain_remove_tail
 .data.default_alarm_pool
                0x20000f9c       0x18 CMakeFiles/force_sensor.dir/usr/local/picosdk/src/common/pico_time/time.c.o
 *fill*         0x20000fb4        0xc 
 .data.aeabi_bits_funcs
                0x20000fc0       0x10 CMakeFiles/force_sensor.dir/usr/local/picosdk/src/rp2_common/pico_bit_ops/bit_ops_aeabi.S.o
                0x20000fc0                aeabi_bits_funcs
                0x20000fd0                aeabi_bits_funcs_end
 .data.aeabi_mem_funcs
                0x20000fd0       0x10 CMakeFiles/force_sensor.dir/usr/local/picosdk/src/rp2_common/pico_mem_ops/mem_ops_aeabi.S.o
                0x20000fd0                aeabi_mem_funcs
                0x20000fe0                aeabi_mem_funcs_end
 .data.stdio_usb
                0x20000fe0       0x18 CMakeFiles/force_sensor.dir/usr/local/picosdk/src/rp2_common/pico_stdio_usb/stdio_usb.c.o
                0x20000fe0                stdio_usb
 .data._usbd_qdef
                0x20000ff8       0x1c CMakeFiles/force_sensor.dir/usr/local/picosdk/lib/tinyusb/src/device/usbd.c.o
                0x20000ff8                _usbd_qdef
 .data._usbd_rhport
                0x20001014        0x1 CMakeFiles/force_sensor.dir/usr/local/picosdk/lib/tinyusb/src/device/usbd.c.o
 *fill*         0x20001015        0x3 
 .data.i2c0_inst
                0x20001018        0x8 CMakeFiles/force_sensor.dir/usr/local/picosdk/src/rp2_common/hardware_i2c/i2c.c.o
                0x20001018                i2c0_inst
                0x20001020                        . = ALIGN (0x4)
 *(.after_data.*)
                0x20001020                        . = ALIGN (0x4)
                0x20001020                        PROVIDE (__mutex_array_start = .)
 *(SORT_BY_NAME(.mutex_array.*))
 *(.mutex_array)
 .mutex_array   0x20001020        0x8 CMakeFiles/force_sensor.dir/usr/local/picosdk/src/rp2_common/pico_stdio/stdio.c.o
                0x20001028                        PROVIDE (__mutex_array_end = .)
                0x20001028                        . = ALIGN (0x4)
 *(.jcr)
                0x20001028                        . = ALIGN (0x4)

.tm_clone_table
                0x20001028        0x0 load address 0x10008bb4
 .tm_clone_table
                0x20001028        0x0 /usr/lib/gcc/arm-none-eabi/13.2.1/thumb/v6-m/nofp/crtbegin.o
 .tm_clone_table
                0x20001028        0x0 /usr/lib/gcc/arm-none-eabi/13.2.1/thumb/v6-m/nofp/crtend.o

.igot.plt       0x20001028        0x0 load address 0x10008bb4
 .igot.plt      0x20001028        0x0 /usr/lib/gcc/arm-none-eabi/13.2.1/thumb/v6-m/nofp/crtbegin.o

.tdata          0x20001028        0x0 load address 0x10008bb4
                0x20001028                        . = ALIGN (0x4)
 *(.tdata .tdata.* .gnu.linkonce.td.*)
                0x20001028                        __tdata_end = .
                0x20001028                        PROVIDE (__data_end__ = .)
                0x10007c4c                        __etext = LOADADDR (.data)

.tbss           0x20001028        0x0 load address 0x10008bb4
                0x20001028                        . = ALIGN (0x4)
                0x20001028                        __bss_start__ = .
                0x20001028                        __tls_base = .
 *(.tbss .tbss.* .gnu.linkonce.tb.*)
 *(.tcommon)
                0x20001028                        __tls_end = .

.bss            0x20001028     0x1098 load address 0x10008bb4
                0x20001028                        . = ALIGN (0x4)
                0x20001028                        __tbss_end = .
 *(SORT_BY_ALIGNMENT(SORT_BY_NAME(.bss*)))
 .bss.default_alarm_pool_entries
                0x20001028      0x180 CMakeFiles/force_sensor.dir/usr/local/picosdk/src/common/pico_time/time.c.o
 .bss.last_avail_time.1
                0x200011a8        0x8 CMakeFiles/force_sensor.dir/usr/local/picosdk/src/rp2_common/pico_stdio_usb/stdio_usb.c.o
 .bss.sd_table  0x200011b0      0x100 CMakeFiles/force_sensor.dir/usr/local/picosdk/src/rp2_common/pico_double/double_init_rom_rp2040.c.o
                0x200011b0                sd_table
 .bss.sf_table  0x200012b0      0x100 CMakeFiles/force_sensor.dir/usr/local/picosdk/src/rp2_common/pico_float/float_init_rom_rp2040.c.o
                0x200012b0                sf_table
 .bss           0x200013b0       0x1c /usr/lib/gcc/arm-none-eabi/13.2.1/thumb/v6-m/nofp/crtbegin.o
 .bss           0x200013cc      0x190 /usr/lib/gcc/arm-none-eabi/13.2.1/../../../arm-none-eabi/lib/thumb/v6-m/nofp/libg.a(libc_a-__atexit.o)
                0x200013cc                __atexit0
 .bss           0x2000155c        0x4 /usr/lib/gcc/arm-none-eabi/13.2.1/../../../arm-none-eabi/lib/thumb/v6-m/nofp/libg.a(libc_a-__call_atexit.o)
                0x2000155c                __atexit
 .bss._app_driver
                0x20001560        0x4 CMakeFiles/force_sensor.dir/usr/local/picosdk/lib/tinyusb/src/device/usbd.c.o
 .bss._cdcd_epbuf
                0x20001564       0x80 CMakeFiles/force_sensor.dir/usr/local/picosdk/lib/tinyusb/src/class/cdc/cdc_device.c.o
 .bss._cdcd_fifo_cfg
                0x200015e4        0x1 CMakeFiles/force_sensor.dir/usr/local/picosdk/lib/tinyusb/src/class/cdc/cdc_device.c.o
 *fill*         0x200015e5        0x3 
 .bss._cdcd_itf
                0x200015e8       0xc8 CMakeFiles/force_sensor.dir/usr/local/picosdk/lib/tinyusb/src/class/cdc/cdc_device.c.o
 .bss._ctrl_epbuf
                0x200016b0       0x40 CMakeFiles/force_sensor.dir/usr/local/picosdk/lib/tinyusb/src/device/usbd_control.c.o
 .bss._ctrl_xfer
                0x200016f0       0x14 CMakeFiles/force_sensor.dir/usr/local/picosdk/lib/tinyusb/src/device/usbd_control.c.o
 .bss._tusb_rhport_role
                0x20001704        0x2 CMakeFiles/force_sensor.dir/usr/local/picosdk/lib/tinyusb/src/tusb.c.o
                0x20001704                _tusb_rhport_role
 *fill*         0x20001706        0x2 
 .bss._ubsd_mutexdef
                0x20001708        0x8 CMakeFiles/force_sensor.dir/usr/local/picosdk/lib/tinyusb/src/device/usbd.c.o
 .bss._usbd_dev
                0x20001710       0x54 CMakeFiles/force_sensor.dir/usr/local/picosdk/lib/tinyusb/src/device/usbd.c.o
 .bss._usbd_mutex
                0x20001764        0x4 CMakeFiles/force_sensor.dir/usr/local/picosdk/lib/tinyusb/src/device/usbd.c.o
 .bss._usbd_q   0x20001768        0x4 CMakeFiles/force_sensor.dir/usr/local/picosdk/lib/tinyusb/src/device/usbd.c.o
 .bss._usbd_qdef_buf
                0x2000176c       0xc0 CMakeFiles/force_sensor.dir/usr/local/picosdk/lib/tinyusb/src/device/usbd.c.o
                0x2000176c                _usbd_qdef_buf
 .bss._vendord_epbuf
                0x2000182c       0x80 CMakeFiles/force_sensor.dir/usr/local/picosdk/lib/tinyusb/src/class/vendor/vendor_device.c.o
 .bss._vendord_itf
                0x200018ac      0x24c CMakeFiles/force_sensor.dir/usr/local/picosdk/lib/tinyusb/src/class/vendor/vendor_device.c.o
 .bss.boot2_copyout
                0x20001af8      0x100 CMakeFiles/force_sensor.dir/usr/local/picosdk/src/rp2_common/hardware_flash/flash.c.o
 .bss.chars_available_callback
                0x20001bf8        0x4 CMakeFiles/force_sensor.dir/usr/local/picosdk/src/rp2_common/pico_stdio_usb/stdio_usb.c.o
 .bss.chars_available_param
                0x20001bfc        0x4 CMakeFiles/force_sensor.dir/usr/local/picosdk/src/rp2_common/pico_stdio_usb/stdio_usb.c.o
 .bss.claimed   0x20001c00        0x4 CMakeFiles/force_sensor.dir/usr/local/picosdk/src/rp2_common/hardware_sync/sync.c.o
 .bss.claimed   0x20001c04        0x1 CMakeFiles/force_sensor.dir/usr/local/picosdk/src/rp2_common/hardware_timer/timer.c.o
 *fill*         0x20001c05        0x3 
 .bss.configured_freq
                0x20001c08       0x28 CMakeFiles/force_sensor.dir/usr/local/picosdk/src/rp2_common/hardware_clocks/clocks.c.o
 .bss.desc_str.0
                0x20001c30       0x28 CMakeFiles/force_sensor.dir/usr/local/picosdk/src/rp2_common/pico_stdio_usb/stdio_usb_descriptors.c.o
 .bss.drivers   0x20001c58        0x4 CMakeFiles/force_sensor.dir/usr/local/picosdk/src/rp2_common/pico_stdio/stdio.c.o
 .bss.e15_last_sof
                0x20001c5c        0x4 CMakeFiles/force_sensor.dir/usr/local/picosdk/lib/tinyusb/src/portable/raspberrypi/rp2040/rp2040_usb.c.o
                0x20001c5c                e15_last_sof
 .bss.filter    0x20001c60        0x4 CMakeFiles/force_sensor.dir/usr/local/picosdk/src/rp2_common/pico_stdio/stdio.c.o
 .bss.hw_endpoints
                0x20001c64      0x400 CMakeFiles/force_sensor.dir/usr/local/picosdk/lib/tinyusb/src/portable/raspberrypi/rp2040/dcd_rp2040.c.o
 .bss.lazy_vsnprintf
                0x20002064        0x4 CMakeFiles/force_sensor.dir/usr/local/picosdk/src/rp2_common/pico_printf/printf.c.o
 .bss.load_value
                0x20002068        0x4 CMakeFiles/force_sensor.dir/usr/local/picosdk/src/rp2_common/hardware_watchdog/watchdog.c.o
 .bss.next_buffer_ptr
                0x2000206c        0x4 CMakeFiles/force_sensor.dir/usr/local/picosdk/lib/tinyusb/src/portable/raspberrypi/rp2040/dcd_rp2040.c.o
 .bss.one_shot_timer_crit_sec
                0x20002070        0x8 CMakeFiles/force_sensor.dir/usr/local/picosdk/src/rp2_common/pico_stdio_usb/stdio_usb.c.o
 .bss.pools     0x20002078       0x10 CMakeFiles/force_sensor.dir/usr/local/picosdk/src/common/pico_time/time.c.o
 .bss.retrieved_id
                0x20002088        0x8 CMakeFiles/force_sensor.dir/usr/local/picosdk/src/rp2_common/pico_unique_id/unique_id.c.o
 .bss.sf_clz_func
                0x20002090        0x4 CMakeFiles/force_sensor.dir/usr/local/picosdk/src/rp2_common/pico_double/double_init_rom_rp2040.c.o
                0x20002090                sf_clz_func
 .bss.sleep_notifier
                0x20002094        0x4 CMakeFiles/force_sensor.dir/usr/local/picosdk/src/common/pico_time/time.c.o
 .bss.smoothed_z
                0x20002098        0x4 CMakeFiles/force_sensor.dir/force_sensor.c.o
                0x20002098                smoothed_z
 .bss.stdio_usb_mutex
                0x2000209c        0x8 CMakeFiles/force_sensor.dir/usr/local/picosdk/src/rp2_common/pico_stdio_usb/stdio_usb.c.o
 .bss.usbd_serial_str
                0x200020a4       0x11 CMakeFiles/force_sensor.dir/usr/local/picosdk/src/rp2_common/pico_stdio_usb/stdio_usb_descriptors.c.o
 .bss._app_driver_count
                0x200020b5        0x1 CMakeFiles/force_sensor.dir/usr/local/picosdk/lib/tinyusb/src/device/usbd.c.o
 .bss._sof_enable
                0x200020b6        0x1 CMakeFiles/force_sensor.dir/usr/local/picosdk/lib/tinyusb/src/portable/raspberrypi/rp2040/dcd_rp2040.c.o
 .bss._usbd_queued_setup
                0x200020b7        0x1 CMakeFiles/force_sensor.dir/usr/local/picosdk/lib/tinyusb/src/device/usbd.c.o
 .bss.boot2_copyout_valid
                0x200020b8        0x1 CMakeFiles/force_sensor.dir/usr/local/picosdk/src/rp2_common/hardware_flash/flash.c.o
 .bss.irq_handler_chain_free_slot_head
                0x200020b9        0x1 CMakeFiles/force_sensor.dir/usr/local/picosdk/src/rp2_common/hardware_irq/irq.c.o
 .bss.itf_num   0x200020ba        0x1 CMakeFiles/force_sensor.dir/usr/local/picosdk/src/rp2_common/pico_stdio_usb/reset_interface.c.o
 .bss.low_priority_irq_num
                0x200020bb        0x1 CMakeFiles/force_sensor.dir/usr/local/picosdk/src/rp2_common/pico_stdio_usb/stdio_usb.c.o
 .bss.mlx_initialized
                0x200020bc        0x1 CMakeFiles/force_sensor.dir/force_sensor.c.o
                0x200020bc                mlx_initialized
 .bss.mlx_res_z
                0x200020bd        0x1 CMakeFiles/force_sensor.dir/force_sensor.c.o
                0x200020bd                mlx_res_z
 .bss.one_shot_timer_pending
                0x200020be        0x1 CMakeFiles/force_sensor.dir/usr/local/picosdk/src/rp2_common/pico_stdio_usb/stdio_usb.c.o
 .bss.user_irq_claimed
                0x200020bf        0x1 CMakeFiles/force_sensor.dir/usr/local/picosdk/src/rp2_common/hardware_irq/irq.c.o
 *(COMMON)
                0x200020c0                        . = ALIGN (0x4)
                0x200020c0                        __bss_end__ = .

.heap           0x200020c0      0x800 load address 0x10008bb4
                0x200020c0                        __end__ = .
                0x200020c0                        end = __end__
 *(.heap*)
 .heap          0x200020c0      0x800 CMakeFiles/force_sensor.dir/usr/local/picosdk/src/rp2_common/pico_crt0/crt0.S.o
                0x20040000                        __HeapLimit = (ORIGIN (RAM) + LENGTH (RAM))

.scratch_x      0x20040000        0x0 load address 0x10008bb4
                0x20040000                        __scratch_x_start__ = .
 *(.scratch_x.*)
                0x20040000                        . = ALIGN (0x4)
                0x20040000                        __scratch_x_end__ = .
                0x10008bb4                        __scratch_x_source__ = LOADADDR (.scratch_x)

.scratch_y      0x20041000        0x0 load address 0x10008bb4
                0x20041000                        __scratch_y_start__ = .
 *(.scratch_y.*)
                0x20041000                        . = ALIGN (0x4)
                0x20041000                        __scratch_y_end__ = .
                0x10008bb4                        __scratch_y_source__ = LOADADDR (.scratch_y)

.stack1_dummy
 *(.stack1*)

.stack_dummy    0x20041000      0x800
 *(.stack*)
 .stack         0x20041000      0x800 CMakeFiles/force_sensor.dir/usr/local/picosdk/src/rp2_common/pico_crt0/crt0.S.o

.flash_end      0x10008bb4        0x0
 *(.embedded_end_block*)
                0x10008bb4                        PROVIDE (__flash_binary_end = .)
                0x20040000                        __StackLimit = (ORIGIN (RAM) + LENGTH (RAM))
                0x20041000                        __StackOneTop = (ORIGIN (SCRATCH_X) + LENGTH (SCRATCH_X))
                0x20042000                        __StackTop = (ORIGIN (SCRATCH_Y) + LENGTH (SCRATCH_Y))
                0x20041000                        __StackOneBottom = (__StackOneTop - SIZEOF (.stack1_dummy))
                0x20041800                        __StackBottom = (__StackTop - SIZEOF (.stack_dummy))
                0x20042000                        PROVIDE (__stack = __StackTop)
                [!provide]                        PROVIDE (__heap_start = __end__)
                [!provide]                        PROVIDE (__heap_end = __HeapLimit)
                [!provide]                        PROVIDE (__tls_align = MAX (ALIGNOF (.tdata), ALIGNOF (.tbss)))
                [!provide]                        PROVIDE (__tls_size_align = (((__tls_size + __tls_align) - 0x1) & ~ ((__tls_align - 0x1))))
                [!provide]                        PROVIDE (__arm32_tls_tcb_offset = MAX (0x8, __tls_align))
                [!provide]                        PROVIDE (_end = __end__)
                [!provide]                        PROVIDE (__llvm_libc_heap_limit = __HeapLimit)
                0x00000001                        ASSERT ((__StackLimit >= __HeapLimit), region RAM overflowed)
                0x00000001                        ASSERT (((__binary_info_header_end - __logical_binary_start) <= 0x100), Binary info must be in first 256 bytes of the binary)
LOAD CMakeFiles/force_sensor.dir/force_sensor.c.o
LOAD CMakeFiles/force_sensor.dir/usr/local/picosdk/src/rp2_common/pico_stdlib/stdlib.c.o
LOAD CMakeFiles/force_sensor.dir/usr/local/picosdk/src/rp2_common/hardware_gpio/gpio.c.o
LOAD CMakeFiles/force_sensor.dir/usr/local/picosdk/src/rp2040/pico_platform/platform.c.o
LOAD CMakeFiles/force_sensor.dir/usr/local/picosdk/src/rp2_common/pico_platform_panic/panic.c.o
LOAD CMakeFiles/force_sensor.dir/usr/local/picosdk/src/common/hardware_claim/claim.c.o
LOAD CMakeFiles/force_sensor.dir/usr/local/picosdk/src/rp2_common/hardware_sync/sync.c.o
LOAD CMakeFiles/force_sensor.dir/usr/local/picosdk/src/rp2_common/hardware_sync_spin_lock/sync_spin_lock.c.o
LOAD CMakeFiles/force_sensor.dir/usr/local/picosdk/src/rp2_common/hardware_irq/irq.c.o
LOAD CMakeFiles/force_sensor.dir/usr/local/picosdk/src/rp2_common/hardware_irq/irq_handler_chain.S.o
LOAD CMakeFiles/force_sensor.dir/usr/local/picosdk/src/common/pico_sync/sem.c.o
LOAD CMakeFiles/force_sensor.dir/usr/local/picosdk/src/common/pico_sync/lock_core.c.o
LOAD CMakeFiles/force_sensor.dir/usr/local/picosdk/src/common/pico_sync/mutex.c.o
LOAD CMakeFiles/force_sensor.dir/usr/local/picosdk/src/common/pico_sync/critical_section.c.o
LOAD CMakeFiles/force_sensor.dir/usr/local/picosdk/src/common/pico_time/time.c.o
LOAD CMakeFiles/force_sensor.dir/usr/local/picosdk/src/common/pico_time/timeout_helper.c.o
LOAD CMakeFiles/force_sensor.dir/usr/local/picosdk/src/rp2_common/hardware_timer/timer.c.o
LOAD CMakeFiles/force_sensor.dir/usr/local/picosdk/src/common/pico_util/datetime.c.o
LOAD CMakeFiles/force_sensor.dir/usr/local/picosdk/src/common/pico_util/pheap.c.o
LOAD CMakeFiles/force_sensor.dir/usr/local/picosdk/src/common/pico_util/queue.c.o
LOAD CMakeFiles/force_sensor.dir/usr/local/picosdk/src/rp2_common/hardware_uart/uart.c.o
LOAD CMakeFiles/force_sensor.dir/usr/local/picosdk/src/rp2_common/hardware_clocks/clocks.c.o
LOAD CMakeFiles/force_sensor.dir/usr/local/picosdk/src/rp2_common/hardware_pll/pll.c.o
LOAD CMakeFiles/force_sensor.dir/usr/local/picosdk/src/rp2_common/hardware_vreg/vreg.c.o
LOAD CMakeFiles/force_sensor.dir/usr/local/picosdk/src/rp2_common/hardware_watchdog/watchdog.c.o
LOAD CMakeFiles/force_sensor.dir/usr/local/picosdk/src/rp2_common/hardware_ticks/ticks.c.o
LOAD CMakeFiles/force_sensor.dir/usr/local/picosdk/src/rp2_common/pico_bootrom/bootrom.c.o
LOAD CMakeFiles/force_sensor.dir/usr/local/picosdk/src/rp2_common/pico_bootrom/bootrom_lock.c.o
LOAD CMakeFiles/force_sensor.dir/usr/local/picosdk/src/rp2_common/hardware_boot_lock/boot_lock.c.o
LOAD CMakeFiles/force_sensor.dir/usr/local/picosdk/src/rp2_common/pico_flash/flash.c.o
LOAD CMakeFiles/force_sensor.dir/usr/local/picosdk/src/rp2_common/hardware_xosc/xosc.c.o
LOAD CMakeFiles/force_sensor.dir/usr/local/picosdk/src/rp2_common/hardware_divider/divider.S.o
LOAD CMakeFiles/force_sensor.dir/usr/local/picosdk/src/rp2_common/pico_runtime/runtime.c.o
LOAD CMakeFiles/force_sensor.dir/usr/local/picosdk/src/rp2_common/pico_runtime_init/runtime_init.c.o
LOAD CMakeFiles/force_sensor.dir/usr/local/picosdk/src/rp2_common/pico_runtime_init/runtime_init_clocks.c.o
LOAD CMakeFiles/force_sensor.dir/usr/local/picosdk/src/rp2_common/pico_runtime_init/runtime_init_stack_guard.c.o
LOAD CMakeFiles/force_sensor.dir/usr/local/picosdk/src/rp2_common/pico_bit_ops/bit_ops_aeabi.S.o
LOAD CMakeFiles/force_sensor.dir/usr/local/picosdk/src/rp2_common/pico_divider/divider_hardware.S.o
LOAD CMakeFiles/force_sensor.dir/usr/local/picosdk/src/rp2_common/pico_double/double_aeabi_rp2040.S.o
LOAD CMakeFiles/force_sensor.dir/usr/local/picosdk/src/rp2_common/pico_double/double_init_rom_rp2040.c.o
LOAD CMakeFiles/force_sensor.dir/usr/local/picosdk/src/rp2_common/pico_double/double_math.c.o
LOAD CMakeFiles/force_sensor.dir/usr/local/picosdk/src/rp2_common/pico_double/double_v1_rom_shim_rp2040.S.o
LOAD CMakeFiles/force_sensor.dir/usr/local/picosdk/src/rp2_common/pico_int64_ops/pico_int64_ops_aeabi.S.o
LOAD CMakeFiles/force_sensor.dir/usr/local/picosdk/src/rp2_common/pico_float/float_aeabi_rp2040.S.o
LOAD CMakeFiles/force_sensor.dir/usr/local/picosdk/src/rp2_common/pico_float/float_init_rom_rp2040.c.o
LOAD CMakeFiles/force_sensor.dir/usr/local/picosdk/src/rp2_common/pico_float/float_math.c.o
LOAD CMakeFiles/force_sensor.dir/usr/local/picosdk/src/rp2_common/pico_float/float_v1_rom_shim_rp2040.S.o
LOAD CMakeFiles/force_sensor.dir/usr/local/picosdk/src/rp2_common/pico_malloc/malloc.c.o
LOAD CMakeFiles/force_sensor.dir/usr/local/picosdk/src/rp2_common/pico_mem_ops/mem_ops_aeabi.S.o
LOAD CMakeFiles/force_sensor.dir/usr/local/picosdk/src/rp2_common/pico_atomic/atomic.c.o
LOAD CMakeFiles/force_sensor.dir/usr/local/picosdk/src/rp2_common/pico_cxx_options/new_delete.cpp.o
LOAD CMakeFiles/force_sensor.dir/usr/local/picosdk/src/rp2_common/pico_standard_binary_info/standard_binary_info.c.o
LOAD CMakeFiles/force_sensor.dir/usr/local/picosdk/src/rp2_common/pico_printf/printf.c.o
LOAD CMakeFiles/force_sensor.dir/usr/local/picosdk/src/rp2_common/pico_crt0/crt0.S.o
LOAD CMakeFiles/force_sensor.dir/usr/local/picosdk/src/rp2_common/pico_clib_interface/newlib_interface.c.o
LOAD CMakeFiles/force_sensor.dir/usr/local/picosdk/src/rp2_common/pico_stdio/stdio.c.o
LOAD CMakeFiles/force_sensor.dir/usr/local/picosdk/src/rp2_common/pico_stdio_usb/reset_interface.c.o
LOAD CMakeFiles/force_sensor.dir/usr/local/picosdk/src/rp2_common/pico_stdio_usb/stdio_usb.c.o
LOAD CMakeFiles/force_sensor.dir/usr/local/picosdk/src/rp2_common/pico_stdio_usb/stdio_usb_descriptors.c.o
LOAD CMakeFiles/force_sensor.dir/usr/local/picosdk/src/rp2_common/pico_unique_id/unique_id.c.o
LOAD CMakeFiles/force_sensor.dir/usr/local/picosdk/src/rp2_common/hardware_flash/flash.c.o
LOAD CMakeFiles/force_sensor.dir/usr/local/picosdk/src/rp2_common/hardware_xip_cache/xip_cache.c.o
LOAD CMakeFiles/force_sensor.dir/usr/local/picosdk/lib/tinyusb/src/portable/raspberrypi/rp2040/dcd_rp2040.c.o
LOAD CMakeFiles/force_sensor.dir/usr/local/picosdk/lib/tinyusb/src/portable/raspberrypi/rp2040/rp2040_usb.c.o
LOAD CMakeFiles/force_sensor.dir/usr/local/picosdk/lib/tinyusb/src/device/usbd.c.o
LOAD CMakeFiles/force_sensor.dir/usr/local/picosdk/lib/tinyusb/src/device/usbd_control.c.o
LOAD CMakeFiles/force_sensor.dir/usr/local/picosdk/lib/tinyusb/src/class/audio/audio_device.c.o
LOAD CMakeFiles/force_sensor.dir/usr/local/picosdk/lib/tinyusb/src/class/cdc/cdc_device.c.o
LOAD CMakeFiles/force_sensor.dir/usr/local/picosdk/lib/tinyusb/src/class/dfu/dfu_device.c.o
LOAD CMakeFiles/force_sensor.dir/usr/local/picosdk/lib/tinyusb/src/class/dfu/dfu_rt_device.c.o